
Overview of the emc2 directory:

  emc2/ (directory.map (this file))
    |
    |
    |--- bin/ (user mode binaries)
    |
    |--- configs/ (emc.ini, CL configs, etc)
    |
    |--- docs/ (All the important and relevant Docs.)
    |     |    (API and source notes should be in each src dir.)
    |     |
    |     |--- handbooks/  (PDF versions of handbooks)
    |     |                (LyX source is in the documents tree)
    |     |
    |     |--- man/  (man pages)
    |            |
    |            |--- man1/  (user man pages)
    |            |--- man3/  (API man pages)
    |
    |--- include/ (headers installed here - originals in src/xxx/)
    |
    |--- lib/ (user mode object files)
    |
    |--- nc_files/ (Sample NC files)
    |
    |--- rtlib/ (kernel mode object files, only after a successfull compile)
    |
    |--- scripts/ (bash scripts like emc.run, realtime, load_rtapi, unload_rtapi, etc.)
    |
    |--- src/ (source tree - configure script, top level makefile,
    |      |      Makefile.inc, etc)
    |      |
    |      |--- emc/ (actual EMC code)
    |      |      |
    |      |      |--- task/
    |      |      |--- motion/
    |      |      |--- io/
    |      |      |--- interp/
    |      |
    |      |--- hal/ (hal_lib.c, hal.h, etc.)
    |      |      |
    |      |      |--- utils/         (halcmd, halscope, halmeter, etc)
    |      |      |--- drivers/       (parport, stg, PPMC, USC, etc.)
    |      |      |--- components/    (encoder, stepgen, PID, etc.)
    |      |      |--- classicladder  (cl component, a software PLC)
    |      |
    |      |--- libnml/ (a clean implementation of RCSLIB)
    |      |      |
    |      |      |--- cms/
    |      |      |--- os_intf/
    |      |      |--- nml/
    |      |      |--- posemath/
    |      |
    |      |--- po/    (Translation files for i18n support)
    |      |
    |      |--- .tmp/   (temp directory for intermediate objects.)
    |      |
    |      |--- .rt_tmp/ (temp directory for RT objects.)
    |      |       (N.B. These two should not appear in CVS)
    |      |       (and will be deleted during a 'make clean')
    |      |--- rtapi/ (*.c and *.h for RTAPI)
    |             |
    |             |--- examples/
    |             |      |--- timer_example/ (*.c & *.h)
    |             |      |--- shmem_example/ (*.c & *.h)
    |             |      |--- etc.
    |
    |
    |--- tcl/  (tkemc, mini and other tcl scripts)
