|-- etc
|   `-- rc.d
|       `-- init.d
|           `-- realtime
`-- usr
    |-- local
    |   |-- bin
    |   |   |-- DIO_Exercise.tcl
    |   |   |-- IO_Exercise.tcl
    |   |   |-- IO_Show.tcl
    |   |   |-- balloon.tcl
    |   |   |-- emc.run
    |   |   |-- emccalib.tcl
    |   |   |-- emcdebug.tcl
    |   |   |-- emchelp.tcl
    |   |   |-- emclog.tcl
    |   |   |-- emcsh
    |   |   |-- emcsvr
    |   |   |-- emctesting.tcl
    |   |   |-- emctuning.tcl
    |   |   |-- genedit.tcl
    |   |   |-- hal_demo
    |   |   |-- hal_parport
    |   |   |-- hal_skeleton
    |   |   |-- halcmd
    |   |   |-- halmeter
    |   |   |-- halscope
    |   |   |-- inivar
    |   |   |-- iosh
    |   |   |-- milltask
    |   |   |-- simio
    |   |   |-- tkbackplot.tcl
    |   |   |-- tkemc.tcl
    |   |   |-- tkio.tcl
    |   |   `-- usrmot
    |   |-- etc
    |   |   |-- core_stepper.hal
    |   |   |-- emc.conf
    |   |   |-- emc.ini
    |   |   |-- emc.ini.bak
    |   |   |-- emc.nml
    |   |   |-- emc.var
    |   |   |-- hal.conf
    |   |   |-- rtapi.conf
    |   |   |-- simulated_limits.hal
    |   |   |-- standard_pinout.hal
    |   |   `-- xylotex_pinout.hal
    |   |-- lib
    |   |   |-- hal_lib.o
    |   |   |-- libemc.a
    |   |   |-- libnml.a
    |   |   |-- libnmld.a
    |   |   |-- libpm.a
    |   |   `-- ulapi.o
    |   `-- man
    |       |-- man1
    |       |   `-- halcmd.1
    |       `-- man3
    `-- realtime
        `-- modules
            |-- blocks.o
            |-- debounce.o
            |-- encoder.o
            |-- encoder_ratio.o
            |-- freqgen.o
            |-- hal_evoreg.o
            |-- hal_lib.o
            |-- hal_parport.o
            |-- hal_skeleton.o
            |-- hal_tiro.o
            |-- libpm.a
            |-- motmod.o
            |-- pid.o
            |-- rtapi.o
            |-- scope_rt.o
            |-- siggen.o
            |-- stepgen.o
            `-- supply.o

NOTE: This is a tentative layout that may replace the one above.

This should be considered very preliminary and subject to change.
Committed for discussion purposes only.



   /  (file system root)
   |
   |
   |--- etc/
   |      |
   |      |--- rc.d/
   |             |
   |             |--- init.d/
   |                    |
   |                    |--- realtime (realtime start/stop script)
   |
   |
   |--- $(prefix)  (default: /usr/local)
   |      |          (all the following $xxxxdir are configurable through autoconf   
   |      |
   |      |--- bin/  (known as $bindir, files from EMC2/bin)
   |      |
   |      |--- sbin/ (known as $sbindir, )
   |      |
   |      |--- etc/  (known as $sysconfdir, config files from configs/)
   |      |      |
   |      |      |--- emc.ini
   |      |      |--- core-stepper.hal
   |      |      |--- and more
   |      |
   |      |--- lib/  (known as $libdir, lib files *.so from libs/)
   |      |
   |      |--- share/
   |             |
   |             |--- emc/
   |                    |
   |                    |
   |                    |--- docs/
   |                    |      |
   |                    |      |---  (All the important and relevant Docs.)
   |                    |
   |                    |--- handbooks/
   |                    |      |
   |                    |      |--- (PDF versions of handbooks)
   |                    |
   |                    |--- nc_files/
   |                           |
   |                           |--- (Sample NC files)
   |
   |--- $MAN_DIR/  (default: /usr/local/man)
   |      |
   |      |--- man1/
   |      |      |
   |      |      |
   |      |
   |      |--- man3/
   |             |
   |             |
   |       
   |--- $moduledir/  (default: /lib/modules/${KVER}/hal)
                     (actually based on where ./configure finds
                      the RTOS modules)


