count=2
argc=2
argv[0]=userspace_count_names
argv[1]=zip
argv[2]=(null)
userspace-count-names.0.out
userspace-count-names.1.out

count=2
argc=3
argv[0]=userspace_count_names
argv[1]=zip
argv[2]=zap
argv[3]=(null)
userspace-count-names.0.out
userspace-count-names.1.out

count=2
argc=3
argv[0]=userspace_count_names
argv[1]=zap
argv[2]=zoot
argv[3]=(null)
userspace-count-names.0.out
userspace-count-names.1.out

