[INFO]
warning = This file is rewritten every time a feature is added
	and shows usage of each one
	columns are : source, total usage, last session usage

[VAR]
topfeatures = 
	/home/nick/Design/cnc-club.ru/linuxcnc/fernv/ini/mm/fv_task.ini	0	0
	/home/nick/Design/cnc-club.ru/linuxcnc/fernv/ini/mm/mill/fv_probe-cube.ini	0	0
	/home/nick/Design/cnc-club.ru/linuxcnc/fernv/ini/mm/mill/fv_probe-array.ini	0	0
	/home/nick/Design/cnc-club.ru/linuxcnc/fernv/ini/mm/mill/fv_circle.ini	0	0
	/home/nick/Design/Features//ini/mm/mill/fv_rectangular-array.ini	0	0
	/home/nick/Design/Features//ini/mm/mill/fv_drill-one.ini	0	0
	/home/nick/Design/cnc-club.ru/linuxcnc/fernv/ini/mm/mill/fv_bolt-circle.ini	0	0
	/home/nick/Design/cnc-club.ru/linuxcnc/fernv/ini/mm/mill/fv_circular-array.ini	0	0
	/home/nick/Design/cnc-club.ru/linuxcnc/features/ini/mm/mill/fv_probe-hole.ini	0	0
	/home/nick/Design/Features//ini/mm/mill/fv_set-probing-params.ini	0	0
	/home/nick/Design/cnc-club.ru/linuxcnc/features/ini/mm/mill/fv_drill-change.ini	0	0
	/home/nick/Design/Features//ini/mm/mill/fv_design-cube.ini	0	0
	/home/nick/Design/cnc-club.ru/linuxcnc/fernv/ini/mm/mill/fv_oval.ini	0	0
	/home/nick/Design/Features//ini/mm/mill/fv_linear-array.ini	5	0
	/home/nick/Design/cnc-club.ru/linuxcnc/fernv/ini/mm/mill/fv_slot.ini	0	0
	/home/nick/Design/Features//ini/mm/mill/fv_circle.ini	0	0
	/home/nick/Design/cnc-club.ru/linuxcnc/features/ini/mm/mill/fv_oval.ini	0	0
	/home/nick/Design/cnc-club.ru/linuxcnc/features/ini/mm/mill/fv_linear-array.ini	0	0
	/home/nick/Design/cnc-club.ru/linuxcnc/fernv/ini/mm/mill/fv_tool-change.ini	0	0
	/home/nick/Design/cnc-club.ru/linuxcnc/features/ini/mm/mill/fv_slot.ini	0	0
	/home/nick/Design/Features//ini/mm/mill/fv_slot.ini	0	0
	/home/nick/Design/Features//ini/mm/mill/fv_probe-edge.ini	0	0
	/home/nick/Design/cnc-club.ru/linuxcnc/features/ini/mm/mill/fv_probe-edge.ini	0	0
	/home/nick/Design/cnc-club.ru/linuxcnc/fernv/ini/mm/mill/fv_slot-arc.ini	0	0
	/home/nick/Design/cnc-club.ru/linuxcnc/features/ini/mm/mill/fv_bolt-circle-irr.ini	1	1
	/home/nick/Design/cnc-club.ru/linuxcnc/fernv/ini/mm/mill/fv_ellipse.ini	0	0
	/home/nick/Design/cnc-club.ru/linuxcnc/features/ini/mm/mill/fv_tool-change.ini	0	0
	/home/nick/Design/cnc-club.ru/linuxcnc/features/ini/mm/mill/fv_circular-array.ini	0	0
	/home/nick/Design/cnc-club.ru/linuxcnc/fernv/ini/mm/mill/fv_linear-array.ini	0	0
	/home/nick/Design/cnc-club.ru/linuxcnc/features/ini/mm/mill/fv_drill-one.ini	1	0
	/home/nick/Design/Features//ini/mm/fv_task.ini	0	0
	/home/nick/Design/cnc-club.ru/linuxcnc/features/ini/mm/fv_task.ini	0	0
	/home/nick/Design/Features//ini/fv_gcode.ini	0	0
	/home/nick/Design/cnc-club.ru/linuxcnc/fernv/ini/mm/mill/fv_probe-edge.ini	0	0
	/home/nick/Design/cnc-club.ru/linuxcnc/fernv/ini/mm/mill/fv_taper-hole.ini	0	0
	/home/nick/Design/cnc-club.ru/linuxcnc/fernv/ini/mm/mill/fv_set-probing-params.ini	0	0
	/home/nick/Design/Features//ini/mm/mill/fv_polygon.ini	0	0
	/home/nick/Design/Features//ini/mm/mill/fv_rect-2.ini	0	0
	/home/nick/Design/Features//ini/mm/mill/fv_oval.ini	0	0
	/home/nick/Design/Features//ini/mm/mill/fv_probe-cube.ini	0	0
	/home/nick/Design/Features//ini/mm/mill/fv_probe-array.ini	0	0
	/home/nick/Design/Features//ini/mm/mill/fv_drill-change.ini	0	0
	/home/nick/Design/cnc-club.ru/linuxcnc/fernv/ini/fv_group.ini	0	0
	/home/nick/Design/cnc-club.ru/linuxcnc/features/ini/mm/mill/fv_circle-2.ini	0	0
	/home/nick/Design/Features//ini/fv_change-units.ini	0	0
	/home/nick/Design/cnc-club.ru/linuxcnc/features/ini/mm/mill/fv_probe-cube.ini	0	0
	/home/nick/Design/cnc-club.ru/linuxcnc/fernv/ini/mm/mill/fv_probe-hole.ini	0	0
	/home/nick/Design/cnc-club.ru/linuxcnc/features/ini/mm/mill/fv_rect-2.ini	0	0
	/home/nick/Design/cnc-club.ru/linuxcnc/fernv/ini/mm/mill/fv_drill-one.ini	2	0
	/home/nick/Design/cnc-club.ru/linuxcnc/fernv/ini/mm/mill/fv_bolt-circle-irr.ini	0	0
	/home/nick/Design/Features//ini/mm/mill/fv_bolt-circle.ini	0	0
	/home/nick/Design/Features//ini/mm/mill/fv_bolt-circle-irr.ini	0	0
	/home/nick/Design/Features//ini/mm/mill/fv_tool-change.ini	0	0
	/home/nick/Design/cnc-club.ru/linuxcnc/features/ini/mm/mill/fv_slot-arc.ini	0	0
	/home/nick/Design/cnc-club.ru/linuxcnc/features/ini/mm/mill/fv_set-probing-params.ini	0	0
	/home/nick/Design/Features//ini/mm/mill/fv_taper-hole.ini	0	0
	/home/nick/Design/Features//ini/fv_group.ini	0	0
	/home/nick/Design/cnc-club.ru/linuxcnc/features/ini/mm/mill/fv_rect.ini	0	0
	/home/nick/Design/cnc-club.ru/linuxcnc/fernv/ini/mm/mill/fv_rect-2.ini	0	0
	/home/nick/Design/cnc-club.ru/linuxcnc/features/ini/mm/mill/fv_taper-hole.ini	0	0
	/home/nick/Design/cnc-club.ru/linuxcnc/features/ini/mm/mill/fv_slot-2.ini	0	0
	/home/nick/Design/cnc-club.ru/linuxcnc/features/ini/mm/mill/fv_design-cube.ini	0	0
	/home/nick/Design/Features//ini/mm/mill/fv_slot-2.ini	0	0
	/home/nick/Design/Features//ini/mm/mill/fv_rect.ini	0	0
	/home/nick/Design/cnc-club.ru/linuxcnc/features/ini/mm/mill/fv_probe-array.ini	0	0
	/home/nick/Design/cnc-club.ru/linuxcnc/fernv/ini/mm/mill/fv_circle-2.ini	0	0
	/home/nick/Design/cnc-club.ru/linuxcnc/fernv/ini/mm/mill/fv_rectangular-array.ini	0	0
	/home/nick/Design/cnc-club.ru/linuxcnc/fernv/ini/fv_change-units.ini	1	0
	/home/nick/Design/Features//ini/mm/mill/fv_probe-hole.ini	0	0
	/home/nick/Design/Features//ini/mm/mill/fv_ellipse.ini	1	0
	/home/nick/Design/cnc-club.ru/linuxcnc/features/ini/mm/mill/fv_circle.ini	0	0
	/home/nick/Design/cnc-club.ru/linuxcnc/features/ini/mm/mill/fv_rectangular-array.ini	0	0
	/home/nick/Design/cnc-club.ru/linuxcnc/fernv/ini/mm/mill/fv_slot-2.ini	0	0
	/home/nick/Design/cnc-club.ru/linuxcnc/fernv/ini/mm/mill/fv_design-cube.ini	0	0
	/home/nick/Design/Features//ini/mm/mill/fv_slot-arc.ini	0	0
	/home/nick/Design/Features//ini/mm/mill/fv_circular-array.ini	0	0
	/home/nick/Design/cnc-club.ru/linuxcnc/fernv/ini/fv_gcode.ini	0	0
	/home/nick/Design/cnc-club.ru/linuxcnc/features/ini/mm/mill/fv_polygon.ini	0	0
	/home/nick/Design/cnc-club.ru/linuxcnc/features/ini/fv_change-units.ini	0	0
	/home/nick/Design/cnc-club.ru/linuxcnc/features/ini/mm/mill/fv_ellipse.ini	0	0
	/home/nick/Design/cnc-club.ru/linuxcnc/features/ini/fv_group.ini	0	0
	/home/nick/Design/Features//ini/mm/mill/fv_circle-2.ini	0	0
	/home/nick/Design/cnc-club.ru/linuxcnc/features/ini/fv_gcode.ini	0	0
	/home/nick/Design/cnc-club.ru/linuxcnc/fernv/ini/mm/mill/fv_polygon.ini	0	0
	/home/nick/Design/cnc-club.ru/linuxcnc/features/ini/mm/mill/fv_bolt-circle.ini	2	1
	/home/nick/Design/cnc-club.ru/linuxcnc/fernv/ini/mm/mill/fv_drill-change.ini	0	0
	/home/nick/Design/cnc-club.ru/linuxcnc/fernv/ini/mm/mill/fv_rect.ini	0	0

