Archive member included because of file (symbol)

/usr/lib/libc_nonshared.a(stack_chk_fail_local.oS)
                              objects/emc/rs274ngc/interp_convert.o (__stack_chk_fail_local)

Discarded input sections

 .note.GNU-stack
                0x0000000000000000        0x0 /usr/lib/gcc/i486-linux-gnu/4.4.3/../../../../lib/crti.o
 .gnu_debuglink
                0x0000000000000000        0xc /usr/lib/gcc/i486-linux-gnu/4.4.3/../../../../lib/crti.o
 .group         0x0000000000000000        0x8 /usr/lib/gcc/i486-linux-gnu/4.4.3/crtbeginS.o
 .note.GNU-stack
                0x0000000000000000        0x0 /usr/lib/gcc/i486-linux-gnu/4.4.3/crtbeginS.o
 .group         0x0000000000000000        0x8 objects/emc/rs274ngc/interp_arc.o
 .group         0x0000000000000000        0x8 objects/emc/rs274ngc/interp_arc.o
 .text.__i686.get_pc_thunk.bx
                0x0000000000000000        0x4 objects/emc/rs274ngc/interp_arc.o
 .note.GNU-stack
                0x0000000000000000        0x0 objects/emc/rs274ngc/interp_arc.o
 .group         0x0000000000000000        0x8 objects/emc/rs274ngc/interp_array.o
 .group         0x0000000000000000        0x8 objects/emc/rs274ngc/interp_array.o
 .group         0x0000000000000000        0x8 objects/emc/rs274ngc/interp_array.o
 .group         0x0000000000000000        0x8 objects/emc/rs274ngc/interp_array.o
 .group         0x0000000000000000        0x8 objects/emc/rs274ngc/interp_array.o
 .data.DW.ref.__gxx_personality_v0
                0x0000000000000000        0x4 objects/emc/rs274ngc/interp_array.o
 .text.__i686.get_pc_thunk.bx
                0x0000000000000000        0x4 objects/emc/rs274ngc/interp_array.o
 .note.GNU-stack
                0x0000000000000000        0x0 objects/emc/rs274ngc/interp_array.o
 .group         0x0000000000000000        0x8 objects/emc/rs274ngc/interp_check.o
 .group         0x0000000000000000        0x8 objects/emc/rs274ngc/interp_check.o
 .data.DW.ref.__gxx_personality_v0
                0x0000000000000000        0x4 objects/emc/rs274ngc/interp_check.o
 .text.__i686.get_pc_thunk.bx
                0x0000000000000000        0x4 objects/emc/rs274ngc/interp_check.o
 .note.GNU-stack
                0x0000000000000000        0x0 objects/emc/rs274ngc/interp_check.o
 .group         0x0000000000000000        0x8 objects/emc/rs274ngc/interp_convert.o
 .group         0x0000000000000000        0x8 objects/emc/rs274ngc/interp_convert.o
 .group         0x0000000000000000        0x8 objects/emc/rs274ngc/interp_convert.o
 .group         0x0000000000000000        0x8 objects/emc/rs274ngc/interp_convert.o
 .group         0x0000000000000000        0x8 objects/emc/rs274ngc/interp_convert.o
 .group         0x0000000000000000        0x8 objects/emc/rs274ngc/interp_convert.o
 .group         0x0000000000000000        0x8 objects/emc/rs274ngc/interp_convert.o
 .group         0x0000000000000000        0x8 objects/emc/rs274ngc/interp_convert.o
 .group         0x0000000000000000        0x8 objects/emc/rs274ngc/interp_convert.o
 .group         0x0000000000000000        0x8 objects/emc/rs274ngc/interp_convert.o
 .group         0x0000000000000000        0x8 objects/emc/rs274ngc/interp_convert.o
 .data.DW.ref.__gxx_personality_v0
                0x0000000000000000        0x4 objects/emc/rs274ngc/interp_convert.o
 .text.__i686.get_pc_thunk.bx
                0x0000000000000000        0x4 objects/emc/rs274ngc/interp_convert.o
 .note.GNU-stack
                0x0000000000000000        0x0 objects/emc/rs274ngc/interp_convert.o
 .group         0x0000000000000000        0x8 objects/emc/rs274ngc/interp_queue.o
 .group         0x0000000000000000        0x8 objects/emc/rs274ngc/interp_queue.o
 .group         0x0000000000000000        0x8 objects/emc/rs274ngc/interp_queue.o
 .group         0x0000000000000000        0x8 objects/emc/rs274ngc/interp_queue.o
 .group         0x0000000000000000        0x8 objects/emc/rs274ngc/interp_queue.o
 .group         0x0000000000000000        0x8 objects/emc/rs274ngc/interp_queue.o
 .group         0x0000000000000000        0x8 objects/emc/rs274ngc/interp_queue.o
 .data.DW.ref.__gxx_personality_v0
                0x0000000000000000        0x4 objects/emc/rs274ngc/interp_queue.o
 .text.__i686.get_pc_thunk.bx
                0x0000000000000000        0x4 objects/emc/rs274ngc/interp_queue.o
 .note.GNU-stack
                0x0000000000000000        0x0 objects/emc/rs274ngc/interp_queue.o
 .group         0x0000000000000000        0x8 objects/emc/rs274ngc/interp_cycles.o
 .group         0x0000000000000000        0x8 objects/emc/rs274ngc/interp_cycles.o
 .data.DW.ref.__gxx_personality_v0
                0x0000000000000000        0x4 objects/emc/rs274ngc/interp_cycles.o
 .text.__i686.get_pc_thunk.bx
                0x0000000000000000        0x4 objects/emc/rs274ngc/interp_cycles.o
 .note.GNU-stack
                0x0000000000000000        0x0 objects/emc/rs274ngc/interp_cycles.o
 .group         0x0000000000000000        0x8 objects/emc/rs274ngc/interp_execute.o
 .group         0x0000000000000000        0x8 objects/emc/rs274ngc/interp_execute.o
 .data.DW.ref.__gxx_personality_v0
                0x0000000000000000        0x4 objects/emc/rs274ngc/interp_execute.o
 .text.__i686.get_pc_thunk.bx
                0x0000000000000000        0x4 objects/emc/rs274ngc/interp_execute.o
 .note.GNU-stack
                0x0000000000000000        0x0 objects/emc/rs274ngc/interp_execute.o
 .group         0x0000000000000000        0x8 objects/emc/rs274ngc/interp_find.o
 .group         0x0000000000000000        0x8 objects/emc/rs274ngc/interp_find.o
 .data.DW.ref.__gxx_personality_v0
                0x0000000000000000        0x4 objects/emc/rs274ngc/interp_find.o
 .text.__i686.get_pc_thunk.bx
                0x0000000000000000        0x4 objects/emc/rs274ngc/interp_find.o
 .note.GNU-stack
                0x0000000000000000        0x0 objects/emc/rs274ngc/interp_find.o
 .group         0x0000000000000000        0x8 objects/emc/rs274ngc/interp_internal.o
 .group         0x0000000000000000        0x8 objects/emc/rs274ngc/interp_internal.o
 .group         0x0000000000000000        0x8 objects/emc/rs274ngc/interp_internal.o
 .data.DW.ref.__gxx_personality_v0
                0x0000000000000000        0x4 objects/emc/rs274ngc/interp_internal.o
 .text.__i686.get_pc_thunk.cx
                0x0000000000000000        0x4 objects/emc/rs274ngc/interp_internal.o
 .text.__i686.get_pc_thunk.bx
                0x0000000000000000        0x4 objects/emc/rs274ngc/interp_internal.o
 .note.GNU-stack
                0x0000000000000000        0x0 objects/emc/rs274ngc/interp_internal.o
 .group         0x0000000000000000        0x8 objects/emc/rs274ngc/interp_inverse.o
 .group         0x0000000000000000        0x8 objects/emc/rs274ngc/interp_inverse.o
 .data.DW.ref.__gxx_personality_v0
                0x0000000000000000        0x4 objects/emc/rs274ngc/interp_inverse.o
 .text.__i686.get_pc_thunk.bx
                0x0000000000000000        0x4 objects/emc/rs274ngc/interp_inverse.o
 .note.GNU-stack
                0x0000000000000000        0x0 objects/emc/rs274ngc/interp_inverse.o
 .group         0x0000000000000000        0x8 objects/emc/rs274ngc/interp_read.o
 .group         0x0000000000000000        0x8 objects/emc/rs274ngc/interp_read.o
 .group         0x0000000000000000        0x8 objects/emc/rs274ngc/interp_read.o
 .group         0x0000000000000000        0x8 objects/emc/rs274ngc/interp_read.o
 .data.DW.ref.__gxx_personality_v0
                0x0000000000000000        0x4 objects/emc/rs274ngc/interp_read.o
 .text.__i686.get_pc_thunk.bx
                0x0000000000000000        0x4 objects/emc/rs274ngc/interp_read.o
 .note.GNU-stack
                0x0000000000000000        0x0 objects/emc/rs274ngc/interp_read.o
 .group         0x0000000000000000        0x8 objects/emc/rs274ngc/interp_write.o
 .group         0x0000000000000000        0x8 objects/emc/rs274ngc/interp_write.o
 .data.DW.ref.__gxx_personality_v0
                0x0000000000000000        0x4 objects/emc/rs274ngc/interp_write.o
 .text.__i686.get_pc_thunk.bx
                0x0000000000000000        0x4 objects/emc/rs274ngc/interp_write.o
 .note.GNU-stack
                0x0000000000000000        0x0 objects/emc/rs274ngc/interp_write.o
 .group         0x0000000000000000        0x8 objects/emc/rs274ngc/interp_o_word.o
 .group         0x0000000000000000        0x8 objects/emc/rs274ngc/interp_o_word.o
 .data.DW.ref.__gxx_personality_v0
                0x0000000000000000        0x4 objects/emc/rs274ngc/interp_o_word.o
 .text.__i686.get_pc_thunk.bx
                0x0000000000000000        0x4 objects/emc/rs274ngc/interp_o_word.o
 .note.GNU-stack
                0x0000000000000000        0x0 objects/emc/rs274ngc/interp_o_word.o
 .group         0x0000000000000000        0x8 objects/emc/rs274ngc/nurbs_additional_functions.o
 .group         0x0000000000000000        0x8 objects/emc/rs274ngc/nurbs_additional_functions.o
 .group         0x0000000000000000        0x8 objects/emc/rs274ngc/nurbs_additional_functions.o
 .group         0x0000000000000000        0x8 objects/emc/rs274ngc/nurbs_additional_functions.o
 .group         0x0000000000000000        0x8 objects/emc/rs274ngc/nurbs_additional_functions.o
 .group         0x0000000000000000        0x8 objects/emc/rs274ngc/nurbs_additional_functions.o
 .group         0x0000000000000000        0x8 objects/emc/rs274ngc/nurbs_additional_functions.o
 .group         0x0000000000000000        0x8 objects/emc/rs274ngc/nurbs_additional_functions.o
 .group         0x0000000000000000        0x8 objects/emc/rs274ngc/nurbs_additional_functions.o
 .group         0x0000000000000000        0x8 objects/emc/rs274ngc/nurbs_additional_functions.o
 .text._ZNSt6vectorI13CONTROL_POINTSaIS0_EED1Ev
                0x0000000000000000       0x2c objects/emc/rs274ngc/nurbs_additional_functions.o
 .data.DW.ref.__gxx_personality_v0
                0x0000000000000000        0x4 objects/emc/rs274ngc/nurbs_additional_functions.o
 .text.__i686.get_pc_thunk.bx
                0x0000000000000000        0x4 objects/emc/rs274ngc/nurbs_additional_functions.o
 .note.GNU-stack
                0x0000000000000000        0x0 objects/emc/rs274ngc/nurbs_additional_functions.o
 .group         0x0000000000000000        0x8 objects/emc/rs274ngc/interp_namedparams.o
 .group         0x0000000000000000        0x8 objects/emc/rs274ngc/interp_namedparams.o
 .data.DW.ref.__gxx_personality_v0
                0x0000000000000000        0x4 objects/emc/rs274ngc/interp_namedparams.o
 .text.__i686.get_pc_thunk.bx
                0x0000000000000000        0x4 objects/emc/rs274ngc/interp_namedparams.o
 .note.GNU-stack
                0x0000000000000000        0x0 objects/emc/rs274ngc/interp_namedparams.o
 .group         0x0000000000000000        0x8 objects/emc/rs274ngc/interp_python.o
 .group         0x0000000000000000        0x8 objects/emc/rs274ngc/interp_python.o
 .data.DW.ref.__gxx_personality_v0
                0x0000000000000000        0x4 objects/emc/rs274ngc/interp_python.o
 .text.__i686.get_pc_thunk.bx
                0x0000000000000000        0x4 objects/emc/rs274ngc/interp_python.o
 .note.GNU-stack
                0x0000000000000000        0x0 objects/emc/rs274ngc/interp_python.o
 .group         0x0000000000000000        0x8 objects/emc/rs274ngc/rs274ngc_pre.o
 .group         0x0000000000000000        0x8 objects/emc/rs274ngc/rs274ngc_pre.o
 .group         0x0000000000000000        0x8 objects/emc/rs274ngc/rs274ngc_pre.o
 .group         0x0000000000000000        0x8 objects/emc/rs274ngc/rs274ngc_pre.o
 .group         0x0000000000000000        0x8 objects/emc/rs274ngc/rs274ngc_pre.o
 .group         0x0000000000000000        0x8 objects/emc/rs274ngc/rs274ngc_pre.o
 .text._ZNSt8_Rb_treeIiSt4pairIKiiESt10_Select1stIS2_ESt4lessIiESaIS2_EE10_M_insert_EPKSt18_Rb_tree_node_baseSB_RKS2_
                0x0000000000000000       0x86 objects/emc/rs274ngc/rs274ngc_pre.o
 .text._ZNSt8_Rb_treeIiSt4pairIKiiESt10_Select1stIS2_ESt4lessIiESaIS2_EE16_M_insert_uniqueERKS2_
                0x0000000000000000       0xb6 objects/emc/rs274ngc/rs274ngc_pre.o
 .text._ZNSt8_Rb_treeIiSt4pairIKiiESt10_Select1stIS2_ESt4lessIiESaIS2_EE17_M_insert_unique_ESt23_Rb_tree_const_iteratorIS2_ERKS2_
                0x0000000000000000       0xea objects/emc/rs274ngc/rs274ngc_pre.o
 .data.DW.ref.__gxx_personality_v0
                0x0000000000000000        0x4 objects/emc/rs274ngc/rs274ngc_pre.o
 .text.__i686.get_pc_thunk.cx
                0x0000000000000000        0x4 objects/emc/rs274ngc/rs274ngc_pre.o
 .text.__i686.get_pc_thunk.bx
                0x0000000000000000        0x4 objects/emc/rs274ngc/rs274ngc_pre.o
 .note.GNU-stack
                0x0000000000000000        0x0 objects/emc/rs274ngc/rs274ngc_pre.o
 .group         0x0000000000000000        0x8 /usr/lib/libc_nonshared.a(stack_chk_fail_local.oS)
 .text.__i686.get_pc_thunk.bx
                0x0000000000000000        0x4 /usr/lib/libc_nonshared.a(stack_chk_fail_local.oS)
 .note.GNU-stack
                0x0000000000000000        0x0 /usr/lib/libc_nonshared.a(stack_chk_fail_local.oS)
 .group         0x0000000000000000        0x8 /usr/lib/gcc/i486-linux-gnu/4.4.3/crtendS.o
 .text.__i686.get_pc_thunk.bx
                0x0000000000000000        0x4 /usr/lib/gcc/i486-linux-gnu/4.4.3/crtendS.o
 .note.GNU-stack
                0x0000000000000000        0x0 /usr/lib/gcc/i486-linux-gnu/4.4.3/crtendS.o
 .note.GNU-stack
                0x0000000000000000        0x0 /usr/lib/gcc/i486-linux-gnu/4.4.3/../../../../lib/crtn.o
 .gnu_debuglink
                0x0000000000000000        0xc /usr/lib/gcc/i486-linux-gnu/4.4.3/../../../../lib/crtn.o

Memory Configuration

Name             Origin             Length             Attributes
*default*        0x0000000000000000 0xffffffffffffffff

Linker script and memory map

LOAD /usr/lib/gcc/i486-linux-gnu/4.4.3/../../../../lib/crti.o
LOAD /usr/lib/gcc/i486-linux-gnu/4.4.3/crtbeginS.o
LOAD objects/emc/rs274ngc/interp_arc.o
LOAD objects/emc/rs274ngc/interp_array.o
LOAD objects/emc/rs274ngc/interp_check.o
LOAD objects/emc/rs274ngc/interp_convert.o
LOAD objects/emc/rs274ngc/interp_queue.o
LOAD objects/emc/rs274ngc/interp_cycles.o
LOAD objects/emc/rs274ngc/interp_execute.o
LOAD objects/emc/rs274ngc/interp_find.o
LOAD objects/emc/rs274ngc/interp_internal.o
LOAD objects/emc/rs274ngc/interp_inverse.o
LOAD objects/emc/rs274ngc/interp_read.o
LOAD objects/emc/rs274ngc/interp_write.o
LOAD objects/emc/rs274ngc/interp_o_word.o
LOAD objects/emc/rs274ngc/nurbs_additional_functions.o
LOAD objects/emc/rs274ngc/interp_namedparams.o
LOAD objects/emc/rs274ngc/interp_python.o
LOAD objects/emc/rs274ngc/rs274ngc_pre.o
LOAD ../lib/libemcini.so
LOAD /usr/lib/gcc/i486-linux-gnu/4.4.3/../../../../lib/libpython2.6.so
LOAD /usr/lib/gcc/i486-linux-gnu/4.4.3/libgcc_s.so
LOAD /usr/lib/gcc/i486-linux-gnu/4.4.3/libgcc.a
LOAD /usr/lib/gcc/i486-linux-gnu/4.4.3/libgcc_s.so
LOAD /usr/lib/gcc/i486-linux-gnu/4.4.3/libgcc.a
LOAD /usr/lib/gcc/i486-linux-gnu/4.4.3/../../../../lib/libcrypto.so
LOAD /usr/lib/gcc/i486-linux-gnu/4.4.3/../../../../lib/libssl.so
LOAD /usr/lib/gcc/i486-linux-gnu/4.4.3/libstdc++.so
LOAD /usr/lib/gcc/i486-linux-gnu/4.4.3/../../../../lib/libm.so
LOAD /usr/lib/gcc/i486-linux-gnu/4.4.3/../../../../lib/libc.so
START GROUP
LOAD /lib/libc.so.6
LOAD /usr/lib/libc_nonshared.a
LOAD /lib/ld-linux.so.2
END GROUP
LOAD /usr/lib/gcc/i486-linux-gnu/4.4.3/libgcc_s.so
LOAD /usr/lib/gcc/i486-linux-gnu/4.4.3/../../../../lib/libc.so
START GROUP
LOAD /lib/libc.so.6
LOAD /usr/lib/libc_nonshared.a
LOAD /lib/ld-linux.so.2
END GROUP
LOAD /usr/lib/gcc/i486-linux-gnu/4.4.3/libgcc_s.so
LOAD /usr/lib/gcc/i486-linux-gnu/4.4.3/crtendS.o
LOAD /usr/lib/gcc/i486-linux-gnu/4.4.3/../../../../lib/crtn.o
                0x0000000000000114                . = (0x0 + SIZEOF_HEADERS)

.note.gnu.build-id
                0x0000000000000114       0x24
 *(.note.gnu.build-id)
 .note.gnu.build-id
                0x0000000000000114       0x24 /usr/lib/gcc/i486-linux-gnu/4.4.3/../../../../lib/crti.o

.hash           0x0000000000000138     0x10dc
 *(.hash)
 .hash          0x0000000000000138     0x10dc /usr/lib/gcc/i486-linux-gnu/4.4.3/../../../../lib/crti.o

.gnu.hash       0x0000000000001214      0x9c4
 *(.gnu.hash)
 .gnu.hash      0x0000000000001214      0x9c4 /usr/lib/gcc/i486-linux-gnu/4.4.3/../../../../lib/crti.o

.dynsym         0x0000000000001bd8     0x22c0
 *(.dynsym)
 .dynsym        0x0000000000001bd8     0x22c0 /usr/lib/gcc/i486-linux-gnu/4.4.3/../../../../lib/crti.o

.dynstr         0x0000000000003e98     0x4aa0
 *(.dynstr)
 .dynstr        0x0000000000003e98     0x4aa0 /usr/lib/gcc/i486-linux-gnu/4.4.3/../../../../lib/crti.o

.gnu.version    0x0000000000008938      0x458
 *(.gnu.version)
 .gnu.version   0x0000000000008938      0x458 /usr/lib/gcc/i486-linux-gnu/4.4.3/../../../../lib/crti.o

.gnu.version_d  0x0000000000008d90        0x0
 *(.gnu.version_d)
 .gnu.version_d
                0x0000000000000000        0x0 /usr/lib/gcc/i486-linux-gnu/4.4.3/../../../../lib/crti.o

.gnu.version_r  0x0000000000008d90      0x110
 *(.gnu.version_r)
 .gnu.version_r
                0x0000000000008d90      0x110 /usr/lib/gcc/i486-linux-gnu/4.4.3/../../../../lib/crti.o

.rel.dyn        0x0000000000008ea0      0x268
 *(.rel.init)
 *(.rel.text .rel.text.* .rel.gnu.linkonce.t.*)
 .rel.text      0x0000000000000000        0x0 /usr/lib/gcc/i486-linux-gnu/4.4.3/../../../../lib/crti.o
 .rel.text._ZNSt8_Rb_treeIiSt4pairIKiPKcESt10_Select1stIS4_ESt4lessIiESaIS4_EE8_M_eraseEPSt13_Rb_tree_nodeIS4_E
                0x0000000000000000        0x0 /usr/lib/gcc/i486-linux-gnu/4.4.3/../../../../lib/crti.o
 .rel.text._ZNSt8_Rb_treeIiSt4pairIKiiESt10_Select1stIS2_ESt4lessIiESaIS2_EE8_M_eraseEPSt13_Rb_tree_nodeIS2_E
                0x0000000000000000        0x0 /usr/lib/gcc/i486-linux-gnu/4.4.3/../../../../lib/crti.o
 .rel.text._ZN12setup_structD1Ev
                0x0000000000000000        0x0 /usr/lib/gcc/i486-linux-gnu/4.4.3/../../../../lib/crti.o
 .rel.text._ZNSt6vectorI13CONTROL_POINTSaIS0_EED1Ev
                0x0000000000000000        0x0 /usr/lib/gcc/i486-linux-gnu/4.4.3/../../../../lib/crti.o
 .rel.text._ZNSt8_Rb_treeIiSt4pairIKiPKcESt10_Select1stIS4_ESt4lessIiESaIS4_EE10_M_insert_EPKSt18_Rb_tree_node_baseSD_RKS4_
                0x0000000000000000        0x0 /usr/lib/gcc/i486-linux-gnu/4.4.3/../../../../lib/crti.o
 .rel.text._ZNSt8_Rb_treeIiSt4pairIKiiESt10_Select1stIS2_ESt4lessIiESaIS2_EE10_M_insert_EPKSt18_Rb_tree_node_baseSB_RKS2_
                0x0000000000000000        0x0 /usr/lib/gcc/i486-linux-gnu/4.4.3/../../../../lib/crti.o
 .rel.text._ZNSt12_Vector_baseI13CONTROL_POINTSaIS0_EE11_M_allocateEj
                0x0000000000000000        0x0 /usr/lib/gcc/i486-linux-gnu/4.4.3/../../../../lib/crti.o
 .rel.text._ZNSt8_Rb_treeIiSt4pairIKiPKcESt10_Select1stIS4_ESt4lessIiESaIS4_EE16_M_insert_uniqueERKS4_
                0x0000000000000000        0x0 /usr/lib/gcc/i486-linux-gnu/4.4.3/../../../../lib/crti.o
 .rel.text._ZNSt8_Rb_treeIiSt4pairIKiPKcESt10_Select1stIS4_ESt4lessIiESaIS4_EE17_M_insert_unique_ESt23_Rb_tree_const_iteratorIS4_ERKS4_
                0x0000000000000000        0x0 /usr/lib/gcc/i486-linux-gnu/4.4.3/../../../../lib/crti.o
 .rel.text._ZNSt8_Rb_treeIiSt4pairIKiiESt10_Select1stIS2_ESt4lessIiESaIS2_EE16_M_insert_uniqueERKS2_
                0x0000000000000000        0x0 /usr/lib/gcc/i486-linux-gnu/4.4.3/../../../../lib/crti.o
 .rel.text._ZNSt8_Rb_treeIiSt4pairIKiiESt10_Select1stIS2_ESt4lessIiESaIS2_EE17_M_insert_unique_ESt23_Rb_tree_const_iteratorIS2_ERKS2_
                0x0000000000000000        0x0 /usr/lib/gcc/i486-linux-gnu/4.4.3/../../../../lib/crti.o
 .rel.text._ZNSt11__copy_moveILb0ELb1ESt26random_access_iterator_tagE8__copy_mI13CONTROL_POINTEEPT_PKS4_S7_S5_
                0x0000000000000000        0x0 /usr/lib/gcc/i486-linux-gnu/4.4.3/../../../../lib/crti.o
 .rel.text._ZSt22__uninitialized_move_aIP12queued_canonS1_SaIS0_EET0_T_S4_S3_RT1_
                0x0000000000000000        0x0 /usr/lib/gcc/i486-linux-gnu/4.4.3/../../../../lib/crti.o
 .rel.text._ZNSt6vectorI12queued_canonSaIS0_EE13_M_insert_auxEN9__gnu_cxx17__normal_iteratorIPS0_S2_EERKS0_
                0x0000000000000000        0x0 /usr/lib/gcc/i486-linux-gnu/4.4.3/../../../../lib/crti.o
 .rel.text._ZNSt6vectorI12queued_canonSaIS0_EE9push_backERKS0_
                0x0000000000000000        0x0 /usr/lib/gcc/i486-linux-gnu/4.4.3/../../../../lib/crti.o
 .rel.text._ZNSt6vectorI12queued_canonSaIS0_EED1Ev
                0x0000000000000000        0x0 /usr/lib/gcc/i486-linux-gnu/4.4.3/../../../../lib/crti.o
 .rel.text._ZNSt15basic_stringbufIcSt11char_traitsIcESaIcEED1Ev
                0x0000000000000000        0x0 /usr/lib/gcc/i486-linux-gnu/4.4.3/../../../../lib/crti.o
 .rel.text._ZNSs12_S_constructIPcEES0_T_S1_RKSaIcESt20forward_iterator_tag
                0x0000000000000000        0x0 /usr/lib/gcc/i486-linux-gnu/4.4.3/../../../../lib/crti.o
 .rel.text._ZNSt12_Vector_baseIjSaIjEE11_M_allocateEj
                0x0000000000000000        0x0 /usr/lib/gcc/i486-linux-gnu/4.4.3/../../../../lib/crti.o
 .rel.text._ZNSt11__copy_moveILb0ELb1ESt26random_access_iterator_tagE8__copy_mIjEEPT_PKS3_S6_S4_
                0x0000000000000000        0x0 /usr/lib/gcc/i486-linux-gnu/4.4.3/../../../../lib/crti.o
 .rel.text._ZNSt6vectorI13CONTROL_POINTSaIS0_EEC1ERKS2_
                0x0000000000000000        0x0 /usr/lib/gcc/i486-linux-gnu/4.4.3/../../../../lib/crti.o
 .rel.text._ZNSt6vectorIjSaIjEEC1ERKS1_
                0x0000000000000000        0x0 /usr/lib/gcc/i486-linux-gnu/4.4.3/../../../../lib/crti.o
 .rel.text._ZNSt6vectorIjSaIjEED1Ev
                0x0000000000000000        0x0 /usr/lib/gcc/i486-linux-gnu/4.4.3/../../../../lib/crti.o
 .rel.text._ZNSt6vectorIjSaIjEE13_M_insert_auxEN9__gnu_cxx17__normal_iteratorIPjS1_EERKj
                0x0000000000000000        0x0 /usr/lib/gcc/i486-linux-gnu/4.4.3/../../../../lib/crti.o
 .rel.text._ZNSt6vectorIjSaIjEE9push_backERKj
                0x0000000000000000        0x0 /usr/lib/gcc/i486-linux-gnu/4.4.3/../../../../lib/crti.o
 *(.rel.fini)
 *(.rel.rodata .rel.rodata.* .rel.gnu.linkonce.r.*)
 *(.rel.data.rel.ro* .rel.gnu.linkonce.d.rel.ro.*)
 .rel.data.rel.ro
                0x0000000000008ea0       0xe8 /usr/lib/gcc/i486-linux-gnu/4.4.3/../../../../lib/crti.o
 .rel.data.rel.ro.local
                0x0000000000008f88       0x30 /usr/lib/gcc/i486-linux-gnu/4.4.3/../../../../lib/crti.o
 *(.rel.data .rel.data.* .rel.gnu.linkonce.d.*)
 .rel.data.rel  0x0000000000008fb8        0x8 /usr/lib/gcc/i486-linux-gnu/4.4.3/../../../../lib/crti.o
 .rel.data.DW.ref.__gxx_personality_v0
                0x0000000000008fc0        0x8 /usr/lib/gcc/i486-linux-gnu/4.4.3/../../../../lib/crti.o
 .rel.data.rel.local
                0x0000000000008fc8       0x30 /usr/lib/gcc/i486-linux-gnu/4.4.3/../../../../lib/crti.o
 *(.rel.tdata .rel.tdata.* .rel.gnu.linkonce.td.*)
 *(.rel.tbss .rel.tbss.* .rel.gnu.linkonce.tb.*)
 *(.rel.ctors)
 .rel.ctors     0x0000000000008ff8       0x10 /usr/lib/gcc/i486-linux-gnu/4.4.3/../../../../lib/crti.o
 *(.rel.dtors)
 *(.rel.got)
 .rel.got       0x0000000000009008      0x100 /usr/lib/gcc/i486-linux-gnu/4.4.3/../../../../lib/crti.o
 *(.rel.bss .rel.bss.* .rel.gnu.linkonce.b.*)
 *(.rel.ifunc)
 .rel.ifunc     0x0000000000000000        0x0 /usr/lib/gcc/i486-linux-gnu/4.4.3/../../../../lib/crti.o
 .rel.eh_frame  0x0000000000000000        0x0 /usr/lib/gcc/i486-linux-gnu/4.4.3/../../../../lib/crti.o

.rel.plt        0x0000000000009108      0xec0
 *(.rel.plt)
 .rel.plt       0x0000000000009108      0xec0 /usr/lib/gcc/i486-linux-gnu/4.4.3/../../../../lib/crti.o
 *(.rel.iplt)

.init           0x0000000000009fc8       0x30
 *(.init)
 .init          0x0000000000009fc8       0x22 /usr/lib/gcc/i486-linux-gnu/4.4.3/../../../../lib/crti.o
                0x0000000000009fc8                _init
 .init          0x0000000000009fea        0x5 /usr/lib/gcc/i486-linux-gnu/4.4.3/crtbeginS.o
 .init          0x0000000000009fef        0x5 /usr/lib/gcc/i486-linux-gnu/4.4.3/crtendS.o
 .init          0x0000000000009ff4        0x4 /usr/lib/gcc/i486-linux-gnu/4.4.3/../../../../lib/crtn.o

.plt            0x0000000000009ff8     0x1d90
 *(.plt)
 .plt           0x0000000000009ff8     0x1d90 /usr/lib/gcc/i486-linux-gnu/4.4.3/../../../../lib/crti.o
 *(.iplt)

.text           0x000000000000bd90    0x2eb58
 *(.text.unlikely .text.*_unlikely)
 *(.text .stub .text.* .gnu.linkonce.t.*)
 .text          0x000000000000bd90        0x0 /usr/lib/gcc/i486-linux-gnu/4.4.3/../../../../lib/crti.o
 .text          0x000000000000bd90       0xb7 /usr/lib/gcc/i486-linux-gnu/4.4.3/crtbeginS.o
 .text.__i686.get_pc_thunk.bx
                0x000000000000be47        0x4 /usr/lib/gcc/i486-linux-gnu/4.4.3/crtbeginS.o
                0x000000000000be47                __i686.get_pc_thunk.bx
 *fill*         0x000000000000be4b        0x1 90909090
 .text          0x000000000000be4c      0x9bf objects/emc/rs274ngc/interp_arc.o
                0x000000000000be4c                _ZN6Interp9arc_axis1Ei
                0x000000000000be72                _ZN6Interp9arc_axis2Ei
                0x000000000000be98                _ZN6Interp10arc_data_rEiidddddPdS0_Pid
                0x000000000000c0ee                _ZN6Interp12arc_data_ijkEiiddddiddPdS0_Pid
                0x000000000000c3e0                _ZN6Interp15arc_data_comp_rEiiiddddddPdS0_Pid
                0x000000000000c4d2                _ZN6Interp17arc_data_comp_ijkEiiidddddiddPdS0_Pid
 *fill*         0x000000000000c80b        0x1 90909090
 .text          0x000000000000c80c       0xa3 objects/emc/rs274ngc/interp_array.o
 *fill*         0x000000000000c8af        0x1 90909090
 .text._ZNSt8_Rb_treeIiSt4pairIKiPKcESt10_Select1stIS4_ESt4lessIiESaIS4_EE8_M_eraseEPSt13_Rb_tree_nodeIS4_E
                0x000000000000c8b0       0x47 objects/emc/rs274ngc/interp_array.o
                0x000000000000c8b0                _ZNSt8_Rb_treeIiSt4pairIKiPKcESt10_Select1stIS4_ESt4lessIiESaIS4_EE8_M_eraseEPSt13_Rb_tree_nodeIS4_E
 *fill*         0x000000000000c8f7        0x1 90909090
 .text._ZNSt8_Rb_treeIiSt4pairIKiiESt10_Select1stIS2_ESt4lessIiESaIS2_EE8_M_eraseEPSt13_Rb_tree_nodeIS2_E
                0x000000000000c8f8       0x47 objects/emc/rs274ngc/interp_array.o
                0x000000000000c8f8                _ZNSt8_Rb_treeIiSt4pairIKiiESt10_Select1stIS2_ESt4lessIiESaIS2_EE8_M_eraseEPSt13_Rb_tree_nodeIS2_E
 *fill*         0x000000000000c93f        0x1 90909090
 .text._ZN12setup_structD1Ev
                0x000000000000c940       0x71 objects/emc/rs274ngc/interp_array.o
                0x000000000000c940                _ZN12setup_structD1Ev
 *fill*         0x000000000000c9b1        0x3 90909090
 .text          0x000000000000c9b4      0x97e objects/emc/rs274ngc/interp_check.o
                0x000000000000c9b4                _ZN6Interp17check_other_codesEP12block_struct
                0x000000000000ceea                _ZN6Interp13check_m_codesEP12block_struct
                0x000000000000cf7c                _ZN6Interp13check_g_codesEP12block_structP12setup_struct
                0x000000000000d222                _ZN6Interp11check_itemsEP12block_structP12setup_struct
 *fill*         0x000000000000d332        0x2 90909090
 .text          0x000000000000d334     0xf483 objects/emc/rs274ngc/interp_convert.o
                0x000000000000d384                _ZN6Interp19convert_tool_selectEP12block_structP12setup_struct
                0x000000000000d42c                _ZN6Interp19comp_set_programmedEP12setup_structddd
                0x000000000000d4f8                _ZN6Interp19comp_get_programmedEP12setup_structPdS2_S2_
                0x000000000000d5ca                _ZN6Interp16comp_set_currentEP12setup_structddd
                0x000000000000d696                _ZN6Interp16comp_get_currentEP12setup_structPdS2_S2_
                0x000000000000d768                _ZN6Interp27convert_lathe_diameter_modeEiP12block_structP12setup_struct
                0x000000000000d8e8                _ZN6Interp6rotateEPdS0_d
                0x000000000000d952                _ZN6Interp26convert_tool_length_offsetEiP12block_structP12setup_struct
                0x000000000000e17e                _ZN6Interp22convert_straight_comp1EiP12block_structP12setup_structddddddddd
                0x000000000000e4fa                _ZN6Interp22convert_straight_comp2EiP12block_structP12setup_structddddddddd
                0x000000000000f522                _ZN6Interp23convert_threading_cycleEP12block_structP12setup_structddd
                0x000000000000fab0                _ZN6Interp20issue_straight_indexEidiP12setup_struct
                0x000000000000fbca                _ZN6Interp19convert_tool_changeEP12setup_struct
                0x00000000000101bc                _ZN6Interp24convert_straight_indexerEiP12block_structP12setup_struct
                0x0000000000010396                _ZN6Interp12convert_homeEiP12block_structP12setup_struct
                0x0000000000010e7e                _ZN6Interp16convert_straightEiP12block_structP12setup_struct
                0x0000000000011524                _ZN6Interp17convert_set_planeEiP12setup_struct
                0x0000000000011742                _ZN6Interp20convert_retract_modeEiP12setup_struct
                0x000000000001182c                _ZN6Interp25convert_ijk_distance_modeEiP12setup_struct
                0x000000000001191a                _ZN6Interp21convert_distance_modeEiP12setup_struct
                0x0000000000011a08                _ZN6Interp30convert_cutter_compensation_onEiP12block_structP12setup_struct
                0x0000000000011d26                _ZN6Interp31convert_cutter_compensation_offEP12setup_struct
                0x0000000000011e52                _ZN6Interp27convert_cutter_compensationEiP12block_structP12setup_struct
                0x0000000000011ff2                _ZN6Interp12convert_stopEP12block_structP12setup_struct
                0x000000000001270a                _ZN6Interp20convert_spindle_modeEP12block_structP12setup_struct
                0x0000000000012768                _ZN6Interp13convert_speedEP12block_structP12setup_struct
                0x00000000000127a6                _ZN6Interp13convert_setupEP12block_structP12setup_struct
                0x0000000000013824                _ZN6Interp18convert_setup_toolEP12block_structP12setup_struct
                0x0000000000014c5c                _ZN6Interp13convert_probeEP12block_structiP12setup_struct
                0x0000000000014ef8                _ZN6Interp10remap_nameEP12setup_structii
                0x0000000000014f7a                _ZN6Interp21convert_remapped_codeEiP12block_structP12setup_structi
                0x0000000000015152                _ZN6Interp7remap_mEP12block_structP12setup_structib
                0x00000000000151c6                _ZN6Interp19finish_user_commandEP12setup_structi
                0x00000000000151e8                _ZN6Interp18finish_m61_commandEP12setup_structi
                0x00000000000152dc                _ZN6Interp17finish_m6_commandEP12setup_structi
                0x00000000000153ac                _ZN6Interp16usercode_argspecEP12setup_structib
                0x0000000000015470                _ZN6Interp15usercode_mgroupEP12setup_structib
                0x0000000000015534                _ZN6Interp14has_user_mcodeEP12setup_structP12block_struct
                0x0000000000015582                _ZN6Interp12save_contextEP12setup_struct
                0x0000000000015612                _ZN6Interp11gen_m_codesEPiS0_Pc
                0x000000000001571c                _ZN6Interp11gen_g_codesEPiS0_Pc
                0x0000000000015848                _ZN6Interp12gen_settingsEPdS0_Pc
                0x0000000000015940                _ZN6Interp20convert_length_unitsEiP12setup_struct
                0x0000000000015bc6                _ZN6Interp16convert_savehomeEiP12block_structP12setup_struct
                0x0000000000016294                _ZN6Interp17convert_feed_rateEP12block_structP12setup_struct
                0x00000000000162d0                _ZN6Interp17convert_feed_modeEiP12setup_struct
                0x00000000000163f8                _ZN6Interp13convert_dwellEP12setup_structd
                0x000000000001641c                _ZN6Interp25convert_coordinate_systemEiP12setup_struct
                0x00000000000168d6                _ZN6Interp20convert_axis_offsetsEiP12block_structP12setup_struct
                0x00000000000175d8                _ZN6Interp20convert_control_modeEiddP12setup_struct
                0x0000000000017790                _ZN6Interp17convert_arc_comp2EiP12block_structP12setup_structddddddddddd
                0x0000000000018376                _ZN6Interp17convert_arc_comp1EiP12block_structP12setup_structddddddddddd
                0x0000000000018a7a                _ZN6Interp12convert_arc2EiP12block_structP12setup_structPdS4_S4_ddddddddddd
                0x0000000000018d50                _ZN6Interp11convert_arcEiP12block_structP12setup_struct
                0x000000000001951c                _ZN6Interp15restore_contextEP12setup_structi
                0x00000000000197f2                _ZN6Interp9convert_mEP12block_structP12setup_structb
                0x000000000001ab8c                _ZN6Interp21convert_param_commentEPcS0_i
                0x000000000001afd8                _ZN6Interp15convert_commentEPc
                0x000000000001b4ae                _ZN6Interp13convert_nurbsEiP12block_structP12setup_struct
                0x000000000001b83e                _ZN6Interp15convert_modal_0EiP12block_structP12setup_struct
                0x000000000001ba42                _ZN6Interp14convert_splineEiP12block_structP12setup_struct
                0x000000000001bff2                _ZN6Interp14convert_motionEiP12block_structP12setup_struct
                0x000000000001c41c                _ZN6Interp9convert_gEP12block_structP12setup_structb
 *fill*         0x000000000001c7b7        0x1 90909090
 .text._ZNSt6vectorI13CONTROL_POINTSaIS0_EED1Ev
                0x000000000001c7b8       0x2c objects/emc/rs274ngc/interp_convert.o
                0x000000000001c7b8                _ZNSt6vectorI13CONTROL_POINTSaIS0_EED1Ev
 .text._ZNSt8_Rb_treeIiSt4pairIKiPKcESt10_Select1stIS4_ESt4lessIiESaIS4_EE10_M_insert_EPKSt18_Rb_tree_node_baseSD_RKS4_
                0x000000000001c7e4       0x86 objects/emc/rs274ngc/interp_convert.o
                0x000000000001c7e4                _ZNSt8_Rb_treeIiSt4pairIKiPKcESt10_Select1stIS4_ESt4lessIiESaIS4_EE10_M_insert_EPKSt18_Rb_tree_node_baseSD_RKS4_
 .text._ZNSt8_Rb_treeIiSt4pairIKiiESt10_Select1stIS2_ESt4lessIiESaIS2_EE10_M_insert_EPKSt18_Rb_tree_node_baseSB_RKS2_
                0x000000000001c86a       0x86 objects/emc/rs274ngc/interp_convert.o
                0x000000000001c86a                _ZNSt8_Rb_treeIiSt4pairIKiiESt10_Select1stIS2_ESt4lessIiESaIS2_EE10_M_insert_EPKSt18_Rb_tree_node_baseSB_RKS2_
 .text._ZNSt12_Vector_baseI13CONTROL_POINTSaIS0_EE11_M_allocateEj
                0x000000000001c8f0       0x3c objects/emc/rs274ngc/interp_convert.o
                0x000000000001c8f0                _ZNSt12_Vector_baseI13CONTROL_POINTSaIS0_EE11_M_allocateEj
 .text._ZNSt8_Rb_treeIiSt4pairIKiPKcESt10_Select1stIS4_ESt4lessIiESaIS4_EE16_M_insert_uniqueERKS4_
                0x000000000001c92c       0xb6 objects/emc/rs274ngc/interp_convert.o
                0x000000000001c92c                _ZNSt8_Rb_treeIiSt4pairIKiPKcESt10_Select1stIS4_ESt4lessIiESaIS4_EE16_M_insert_uniqueERKS4_
 .text._ZNSt8_Rb_treeIiSt4pairIKiPKcESt10_Select1stIS4_ESt4lessIiESaIS4_EE17_M_insert_unique_ESt23_Rb_tree_const_iteratorIS4_ERKS4_
                0x000000000001c9e2       0xea objects/emc/rs274ngc/interp_convert.o
                0x000000000001c9e2                _ZNSt8_Rb_treeIiSt4pairIKiPKcESt10_Select1stIS4_ESt4lessIiESaIS4_EE17_M_insert_unique_ESt23_Rb_tree_const_iteratorIS4_ERKS4_
 .text._ZNSt8_Rb_treeIiSt4pairIKiiESt10_Select1stIS2_ESt4lessIiESaIS2_EE16_M_insert_uniqueERKS2_
                0x000000000001cacc       0xb6 objects/emc/rs274ngc/interp_convert.o
                0x000000000001cacc                _ZNSt8_Rb_treeIiSt4pairIKiiESt10_Select1stIS2_ESt4lessIiESaIS2_EE16_M_insert_uniqueERKS2_
 .text._ZNSt8_Rb_treeIiSt4pairIKiiESt10_Select1stIS2_ESt4lessIiESaIS2_EE17_M_insert_unique_ESt23_Rb_tree_const_iteratorIS2_ERKS2_
                0x000000000001cb82       0xea objects/emc/rs274ngc/interp_convert.o
                0x000000000001cb82                _ZNSt8_Rb_treeIiSt4pairIKiiESt10_Select1stIS2_ESt4lessIiESaIS2_EE17_M_insert_unique_ESt23_Rb_tree_const_iteratorIS2_ERKS2_
 .text._ZNSt11__copy_moveILb0ELb1ESt26random_access_iterator_tagE8__copy_mI13CONTROL_POINTEEPT_PKS4_S7_S5_
                0x000000000001cc6c       0x35 objects/emc/rs274ngc/interp_convert.o
                0x000000000001cc6c                _ZNSt11__copy_moveILb0ELb1ESt26random_access_iterator_tagE8__copy_mI13CONTROL_POINTEEPT_PKS4_S7_S5_
 *fill*         0x000000000001cca1        0x3 90909090
 .text          0x000000000001cca4     0x1113 objects/emc/rs274ngc/interp_queue.o
                0x000000000001cca4                _Z12set_endpointdd
                0x000000000001ccd0                _Z2qcv
                0x000000000001cd51                _Z14dequeue_canonsP12setup_struct
                0x000000000001d19e                _ZN6Interp23move_endpoint_and_flushEP12setup_structdd
                0x000000000001d534                _Z8qc_scaled
                0x000000000001d644                _Z20enqueue_START_CHANGEv
                0x000000000001d676                _Z22enqueue_M_USER_COMMANDidd
                0x000000000001d702                _Z16enqueue_ARC_FEEDP12setup_structidddddiddddddd
                0x000000000001d788                _Z25enqueue_STRAIGHT_TRAVERSEP12setup_structidddddddddddd
                0x000000000001d881                _Z21enqueue_STRAIGHT_FEEDP12setup_structidddddddddddd
                0x000000000001d97a                _Z15enqueue_COMMENTPKc
                0x000000000001d9d8                _Z25enqueue_SET_SPINDLE_SPEEDd
                0x000000000001da38                _Z24enqueue_SET_SPINDLE_MODEd
                0x000000000001da98                _Z28enqueue_STOP_SPINDLE_TURNINGv
                0x000000000001dadd                _Z38enqueue_START_SPINDLE_COUNTERCLOCKWISEv
                0x000000000001db22                _Z31enqueue_START_SPINDLE_CLOCKWISEv
                0x000000000001db67                _Z17enqueue_FLOOD_OFFv
                0x000000000001dbac                _Z16enqueue_FLOOD_ONv
                0x000000000001dbf1                _Z16enqueue_MIST_OFFv
                0x000000000001dc36                _Z15enqueue_MIST_ONv
                0x000000000001dc7b                _Z21enqueue_SET_FEED_MODEi
                0x000000000001dccd                _Z13enqueue_DWELLd
                0x000000000001dd2d                _Z21enqueue_SET_FEED_RATEd
                0x000000000001dd8d                _Z8qc_resetv
 .text._ZSt22__uninitialized_move_aIP12queued_canonS1_SaIS0_EET0_T_S4_S3_RT1_
                0x000000000001ddb7       0x35 objects/emc/rs274ngc/interp_queue.o
                0x000000000001ddb7                _ZSt22__uninitialized_move_aIP12queued_canonS1_SaIS0_EET0_T_S4_S3_RT1_
 .text._ZNSt6vectorI12queued_canonSaIS0_EE13_M_insert_auxEN9__gnu_cxx17__normal_iteratorIPS0_S2_EERKS0_
                0x000000000001ddec      0x182 objects/emc/rs274ngc/interp_queue.o
                0x000000000001ddec                _ZNSt6vectorI12queued_canonSaIS0_EE13_M_insert_auxEN9__gnu_cxx17__normal_iteratorIPS0_S2_EERKS0_
 .text._ZNSt6vectorI12queued_canonSaIS0_EE9push_backERKS0_
                0x000000000001df6e       0x49 objects/emc/rs274ngc/interp_queue.o
                0x000000000001df6e                _ZNSt6vectorI12queued_canonSaIS0_EE9push_backERKS0_
 *fill*         0x000000000001dfb7        0x1 90909090
 .text._ZNSt6vectorI12queued_canonSaIS0_EED1Ev
                0x000000000001dfb8       0x2c objects/emc/rs274ngc/interp_queue.o
                0x000000000001dfb8                _ZNSt6vectorI12queued_canonSaIS0_EED1Ev
 .text.__i686.get_pc_thunk.cx
                0x000000000001dfe4        0x4 objects/emc/rs274ngc/interp_queue.o
                0x000000000001dfe4                __i686.get_pc_thunk.cx
 .text          0x000000000001dfe8     0x8132 objects/emc/rs274ngc/interp_cycles.o
                0x000000000001dfe8                _ZN6Interp14cycle_traverseEP12block_structiddd
                0x000000000001e184                _ZN6Interp10cycle_feedEP12block_structiddd
                0x000000000001e320                _ZN6Interp17convert_cycle_g85EP12block_structidddd
                0x000000000001e39c                _ZN6Interp17convert_cycle_g81EP12block_structidddd
                0x000000000001e418                _ZN6Interp17convert_cycle_g84EP12block_structiddddii
                0x000000000001e49a                _ZN6Interp17convert_cycle_g73EP12block_structidddddd
                0x000000000001e614                _ZN6Interp17convert_cycle_g83EP12block_structidddddd
                0x000000000001e7ac                _ZN6Interp17convert_cycle_g89EP12block_structiddddd
                0x000000000001e83e                _ZN6Interp17convert_cycle_g82EP12block_structiddddd
                0x000000000001e8d0                _ZN6Interp17convert_cycle_g88EP12block_structiddddi
                0x000000000001e9bc                _ZN6Interp17convert_cycle_g86EP12block_structidddddi
                0x000000000001eae0                _ZN6Interp17convert_cycle_g87EP12block_structiddddddddi
                0x000000000001ece4                _ZN6Interp16convert_cycle_wuEiP12block_structP12setup_struct
                0x000000000001fc12                _ZN6Interp16convert_cycle_zxEiP12block_structP12setup_struct
                0x0000000000020b4a                _ZN6Interp16convert_cycle_vwEiP12block_structP12setup_struct
                0x0000000000021a76                _ZN6Interp16convert_cycle_yzEiP12block_structP12setup_struct
                0x00000000000229aa                _ZN6Interp16convert_cycle_uvEiP12block_structP12setup_struct
                0x00000000000238d2                _ZN6Interp16convert_cycle_xyEiP12block_structP12setup_struct
                0x0000000000025c00                _ZN6Interp13convert_cycleEiP12block_structP12setup_struct
 *fill*         0x000000000002611a        0x2 90909090
 .text          0x000000000002611c      0xd5e objects/emc/rs274ngc/interp_execute.o
                0x000000000002611c                _ZN6Interp13execute_unaryEPdi
                0x0000000000026396                _ZN6Interp15execute_binary2EPdiS0_
                0x00000000000265a4                _ZN6Interp15execute_handlerEP12setup_structPKcMS_FiS1_ibEMS_FiS1_iEiib
                0x000000000002660a                _ZN6Interp13execute_blockEP12block_structP12setup_structb
                0x00000000000269b4                _ZN6Interp16finish_t_commandEP12setup_structi
                0x0000000000026a9e                _ZN6Interp12report_errorEP12setup_structiPKc
                0x0000000000026bce                _ZN6Interp15execute_binary1EPdiS0_
                0x0000000000026d72                _ZN6Interp14execute_binaryEPdiS0_
 *fill*         0x0000000000026e7a        0x2 90909090
 .text          0x0000000000026e7c     0x1ffe objects/emc/rs274ngc/interp_find.o
                0x0000000000026e7c                _ZN6Interp16find_tool_pocketEP12setup_structiPi
                0x0000000000026f4e                _ZN6Interp9find_turnEddddidd
                0x0000000000027032                _ZN6Interp20find_straight_lengthEdddddddddddddddddd
                0x00000000000271c8                _ZN6Interp34find_current_in_system_without_tloEP12setup_structiPdS2_S2_S2_S2_S2_S2_S2_S2_
                0x000000000002789a                _ZN6Interp22find_current_in_systemEP12setup_structiPdS2_S2_S2_S2_S2_S2_S2_S2_
                0x0000000000027efa                _ZN6Interp15find_arc_lengthEdddddiddd
                0x0000000000027fd4                _ZN6Interp13unwrap_rotaryEPddddc
                0x000000000002812e                _ZN6Interp13find_relativeEdddddddddPdS0_S0_S0_S0_S0_S0_S0_S0_P12setup_struct
                0x00000000000283be                _ZN6Interp9find_endsEP12block_structP12setup_structPdS4_S4_S4_S4_S4_S4_S4_S4_
 *fill*         0x0000000000028e7a        0x2 90909090
 .text          0x0000000000028e7c      0x9c0 objects/emc/rs274ngc/interp_internal.o
                0x0000000000028e7c                _ZN6Interp10precedenceEi
                0x0000000000028e9e                _ZN6Interp10call_levelEv
                0x0000000000028eba                _ZN6Interp23refresh_actual_positionEP12setup_struct
                0x0000000000028f28                _ZN6Interp14set_probe_dataEP12setup_struct
                0x00000000000290c6                _ZN6Interp10init_blockEP12block_struct
                0x0000000000029252                _ZN6Interp13enhance_blockEP12block_structP12setup_struct
                0x00000000000295a8                _ZN6Interp10parse_lineEPcP12block_structP12setup_struct
                0x00000000000296e6                _ZN6Interp18close_and_downcaseEPc
 .text          0x000000000002983c      0x213 objects/emc/rs274ngc/interp_inverse.o
                0x000000000002983c                _ZN6Interp26inverse_time_rate_straightEdddddddddP12block_structP12setup_struct
                0x0000000000029992                _ZN6Interp21inverse_time_rate_arcEdddddidddP12block_structP12setup_struct
 *fill*         0x0000000000029a4f        0x1 90909090
 .text          0x0000000000029a50     0x5874 objects/emc/rs274ngc/interp_read.o
                0x0000000000029a50                _ZN6Interp10isreadonlyEi
                0x0000000000029a8a                _ZN6Interp14read_operationEPcPiS1_
                0x0000000000029d66                _ZN6Interp12read_commentEPcPiP12block_structPd
                0x0000000000029e2c                _ZN6Interp14read_semicolonEPcPiP12block_structPd
                0x0000000000029ece                _ZN6Interp9read_textEPKcP8_IO_FILEPcS4_Pi
                0x000000000002a2a2                _ZN6Interp9read_nameEPcPiS0_
                0x000000000002a39a                _ZN6Interp28read_named_parameter_settingEPcPiPS0_Pd
                0x000000000002a5ae                _ZN6Interp20read_operation_unaryEPcPiS1_
                0x000000000002a88e                _ZN6Interp13read_one_itemEPcPiP12block_structPd
                0x000000000002aa00                _ZN6Interp21read_integer_unsignedEPcPiS1_
                0x000000000002aadc                _ZN6Interp13read_n_numberEPcPiP12block_struct
                0x000000000002abf6                _ZN6Interp16read_real_numberEPcPiPd
                0x000000000002af60                _ZN6Interp15read_real_valueEPcPiPdS2_
                0x000000000002b208                _ZN6Interp6read_zEPcPiP12block_structPd
                0x000000000002b33a                _ZN6Interp6read_yEPcPiP12block_structPd
                0x000000000002b46c                _ZN6Interp10read_caratEPcPiP12block_structPd
                0x000000000002b586                _ZN6Interp11read_atsignEPcPiP12block_structPd
                0x000000000002b6a0                _ZN6Interp6read_xEPcPiP12block_structPd
                0x000000000002b7ea                _ZN6Interp6read_wEPcPiP12block_structPd
                0x000000000002b91c                _ZN6Interp6read_vEPcPiP12block_structPd
                0x000000000002ba4e                _ZN6Interp6read_uEPcPiP12block_structPd
                0x000000000002bb80                _ZN6Interp6read_sEPcPiP12block_structPd
                0x000000000002bcd4                _ZN6Interp20read_real_expressionEPcPiPdS2_
                0x000000000002c004                _ZN6Interp9read_atanEPcPiPdS2_
                0x000000000002c148                _ZN6Interp6read_rEPcPiP12block_structPd
                0x000000000002c27a                _ZN6Interp6read_qEPcPiP12block_structPd
                0x000000000002c3b6                _ZN6Interp6read_pEPcPiP12block_structPd
                0x000000000002c4f2                _ZN6Interp6read_kEPcPiP12block_structPd
                0x000000000002c624                _ZN6Interp6read_jEPcPiP12block_structPd
                0x000000000002c756                _ZN6Interp18read_integer_valueEPcPiS1_Pd
                0x000000000002c8e2                _ZN6Interp6read_tEPcPiP12block_structPd
                0x000000000002ca2e                _ZN6Interp14read_parameterEPcPiPdS2_b
                0x000000000002cc9e                _ZN6Interp24read_bracketed_parameterEPcPiPdS2_b
                0x000000000002cde8                _ZN6Interp10read_unaryEPcPiPdS2_
                0x000000000002d02c                _ZN6Interp6read_oEPcPiP12block_structPd
                0x000000000002dcf4                _ZN6Interp10read_itemsEP12block_structPcPd
                0x000000000002de7c                _ZN6Interp6read_mEPcPiP12block_structPd
                0x000000000002e066                _ZN6Interp6read_lEPcPiP12block_structPd
                0x000000000002e1b2                _ZN6Interp6read_hEPcPiP12block_structPd
                0x000000000002e300                _ZN6Interp22read_parameter_settingEPcPiP12block_structPd
                0x000000000002e7e4                _ZN6Interp6read_iEPcPiP12block_structPd
                0x000000000002e916                _ZN6Interp6read_gEPcPiP12block_structPd
                0x000000000002eb96                _ZN6Interp6read_fEPcPiP12block_structPd
                0x000000000002ecea                _ZN6Interp6read_eEPcPiP12block_structPd
                0x000000000002ee1c                _ZN6Interp6read_dEPcPiP12block_structPd
                0x000000000002ef4e                _ZN6Interp6read_cEPcPiP12block_structPd
                0x000000000002f076                _ZN6Interp6read_bEPcPiP12block_structPd
                0x000000000002f19e                _ZN6Interp6read_aEPcPiP12block_structPd
 .text._ZNSt15basic_stringbufIcSt11char_traitsIcESaIcEED1Ev
                0x000000000002f2c4       0x51 objects/emc/rs274ngc/interp_read.o
                0x000000000002f2c4                _ZNSt15basic_stringbufIcSt11char_traitsIcESaIcEED1Ev
 *fill*         0x000000000002f315        0x1 90909090
 .text._ZNSs12_S_constructIPcEES0_T_S1_RKSaIcESt20forward_iterator_tag
                0x000000000002f316       0xbf objects/emc/rs274ngc/interp_read.o
                0x000000000002f316                _ZNSs12_S_constructIPcEES0_T_S1_RKSaIcESt20forward_iterator_tag
 *fill*         0x000000000002f3d5        0x3 90909090
 .text          0x000000000002f3d8      0x38c objects/emc/rs274ngc/interp_write.o
                0x000000000002f3d8                _ZN6Interp13write_g_codesEP12block_structP12setup_struct
                0x000000000002f650                _ZN6Interp13write_m_codesEP12block_structP12setup_struct
                0x000000000002f736                _ZN6Interp14write_settingsEP12setup_struct
 .text          0x000000000002f764     0x2670 objects/emc/rs274ngc/interp_o_word.o
                0x000000000002f764                _ZN6Interp18control_find_owordEP12block_structP12setup_structPi
                0x000000000002f8e8                _ZN6Interp19control_save_offsetEiP12block_structP12setup_struct
                0x000000000002fac4                _ZN6Interp8findFileEPcS0_S0_
                0x000000000002fcf2                _ZN6Interp15control_back_toEP12block_structP12setup_struct
                0x000000000003035a                _ZN6Interp25convert_control_functionsEP12block_structP12setup_struct
 .text          0x0000000000031dd4      0x8ba objects/emc/rs274ngc/nurbs_additional_functions.o
                0x0000000000031dd4                _Z4NmixjjdSt6vectorIjSaIjEE
                0x00000000000320aa                _Z4RdendjSt6vectorI13CONTROL_POINTSaIS0_EES_IjSaIjEE
                0x0000000000032152                _Z11nurbs_pointdjSt6vectorI13CONTROL_POINTSaIS0_EES_IjSaIjEE
                0x00000000000323da                _Z13nurbs_tangentdjSt6vectorI13CONTROL_POINTSaIS0_EES_IjSaIjEE
                0x00000000000325ca                _Z19knot_vector_creatorjj
 .text._ZNSt12_Vector_baseIjSaIjEE11_M_allocateEj
                0x000000000003268e       0x3c objects/emc/rs274ngc/nurbs_additional_functions.o
                0x000000000003268e                _ZNSt12_Vector_baseIjSaIjEE11_M_allocateEj
 .text._ZNSt11__copy_moveILb0ELb1ESt26random_access_iterator_tagE8__copy_mIjEEPT_PKS3_S6_S4_
                0x00000000000326ca       0x35 objects/emc/rs274ngc/nurbs_additional_functions.o
                0x00000000000326ca                _ZNSt11__copy_moveILb0ELb1ESt26random_access_iterator_tagE8__copy_mIjEEPT_PKS3_S6_S4_
 *fill*         0x00000000000326ff        0x1 90909090
 .text._ZNSt6vectorI13CONTROL_POINTSaIS0_EEC1ERKS2_
                0x0000000000032700       0xa4 objects/emc/rs274ngc/nurbs_additional_functions.o
                0x0000000000032700                _ZNSt6vectorI13CONTROL_POINTSaIS0_EEC1ERKS2_
 .text._ZNSt6vectorIjSaIjEEC1ERKS1_
                0x00000000000327a4       0x70 objects/emc/rs274ngc/nurbs_additional_functions.o
                0x00000000000327a4                _ZNSt6vectorIjSaIjEEC1ERKS1_
 .text._ZNSt6vectorIjSaIjEED1Ev
                0x0000000000032814       0x2c objects/emc/rs274ngc/nurbs_additional_functions.o
                0x0000000000032814                _ZNSt6vectorIjSaIjEED1Ev
 .text._ZNSt6vectorIjSaIjEE13_M_insert_auxEN9__gnu_cxx17__normal_iteratorIPjS1_EERKj
                0x0000000000032840       0xfb objects/emc/rs274ngc/nurbs_additional_functions.o
                0x0000000000032840                _ZNSt6vectorIjSaIjEE13_M_insert_auxEN9__gnu_cxx17__normal_iteratorIPjS1_EERKj
 *fill*         0x000000000003293b        0x1 90909090
 .text._ZNSt6vectorIjSaIjEE9push_backERKj
                0x000000000003293c       0x41 objects/emc/rs274ngc/nurbs_additional_functions.o
                0x000000000003293c                _ZNSt6vectorIjSaIjEE9push_backERKj
 *fill*         0x000000000003297d        0x3 90909090
 .text          0x0000000000032980     0x31e7 objects/emc/rs274ngc/interp_namedparams.o
                0x0000000000032980                _ZN6Interp10check_argsEP12block_structPKc
                0x0000000000032988                _ZN6Interp18lookup_named_paramEPKcdPd
                0x00000000000330a4                _ZN6Interp21free_named_parametersEiP12setup_struct
                0x00000000000330fc                _ZN6Interp17store_named_paramEPKcdi
                0x00000000000333bc                _ZN6Interp16find_named_paramEPKcPiPd
                0x00000000000334ec                _ZN6Interp15add_named_paramEPKci
                0x00000000000337e8                _ZN6Interp19init_readonly_paramEPKcdi
                0x00000000000338fe                _ZN6Interp21init_named_parametersEv
                0x0000000000033d5a                _ZN6Interp20read_named_parameterEPcPiPdS2_b
                0x0000000000034038                _ZN6Interp14add_parametersEP12setup_structib
 *fill*         0x0000000000035b67        0x1 90909090
 .text          0x0000000000035b68      0x5f6 objects/emc/rs274ngc/interp_python.o
                0x0000000000035b68                _ZN6Interp6pycallEP12setup_structPKcPd
                0x0000000000035e4c                _ZN6Interp13is_pycallableEP12setup_structPKc
                0x0000000000035eca                _ZN6Interp11init_pythonEP12setup_struct
 *fill*         0x000000000003615e        0x2 90909090
 .text          0x0000000000036160     0x4721 objects/emc/rs274ngc/rs274ngc_pre.o
                0x0000000000036160                _ZN6InterpC2Ev
                0x000000000003616e                _ZN6InterpC1Ev
                0x000000000003617c                _ZN6Interp14active_g_codesEPi
                0x00000000000361ae                _ZN6Interp14active_m_codesEPi
                0x00000000000361e0                _ZN6Interp15active_settingsEPd
                0x0000000000036214                _ZN6Interp11line_lengthEv
                0x0000000000036230                _ZN6Interp9line_textEPci
                0x000000000003626e                _ZN6Interp15sequence_numberEv
                0x000000000003628a                _ZN6Interp10stack_nameEiPci
                0x00000000000362dc                _ZN6Interp23default_tool_parametersEv
                0x000000000003634a                _ZN6Interp20init_tool_parametersEv
                0x0000000000036438                _ZN6Interp19set_tool_parametersEv
                0x000000000003652a                _ZN6Interp9get_setupEv
                0x0000000000036540                _ZN6Interp12signal_errorEi
                0x0000000000036572                _ZN6Interp10error_textEiPci
                0x00000000000365b6                _ZN6Interp9file_nameEPci
                0x0000000000036604                _ZN6Interp8setErrorEPKcz
                0x000000000003663e                _ZN6InterpD1Ev
                0x0000000000036670                _ZN6InterpD2Ev
                0x00000000000366a2                _ZN6Interp18restore_parametersEPKc
                0x00000000000368da                _ZN6Interp15save_parametersEPKcPKd
                0x0000000000036cb2                _ZN6Interp13interp_statusEi
                0x0000000000036d0c                _ZN6Interp5resetEv
                0x0000000000036eb8                _ZN6Interp4exitEv
                0x0000000000036f3a                _ZN6Interp5closeEv
                0x0000000000036fa4                _ZN6Interp4openEPKc
                0x000000000003721a                _ZN6Interp15load_tool_tableEv
                0x00000000000373fc                _ZN6Interp5synchEv
                0x000000000003759c                _ZN6Interp14next_remappingEP12block_structP12setup_struct
                0x00000000000376b6                _ZN6Interp5doLogEPKcz
                0x00000000000377aa                _ZN6Interp8ini_loadEPKc
                0x0000000000037932                _ZN6Interp4readEPKc
                0x0000000000037da2                _ZN6Interp7executeEPKc
                0x0000000000038674                _ZN6Interp8on_abortEi
                0x00000000000387ec                _ZN6Interp14remap_finishedEi
                0x0000000000038aba                _ZN6Interp7executeEPKci
                0x0000000000038e18                _ZN6Interp12define_gcodeEdiPKc
                0x0000000000038f92                _ZN6Interp12define_mcodeEiiPKc
                0x00000000000390c6                _ZN6Interp4initEv
 *fill*         0x000000000003a881        0xf 90909090
 .text          0x000000000003a890       0x14 /usr/lib/libc_nonshared.a(stack_chk_fail_local.oS)
                0x000000000003a890                __stack_chk_fail_local
 *fill*         0x000000000003a8a4        0xc 90909090
 .text          0x000000000003a8b0       0x38 /usr/lib/gcc/i486-linux-gnu/4.4.3/crtendS.o
 .text          0x000000000003a8e8        0x0 /usr/lib/gcc/i486-linux-gnu/4.4.3/../../../../lib/crtn.o
 *(.gnu.warning)

.fini           0x000000000003a8e8       0x1c
 *(.fini)
 .fini          0x000000000003a8e8       0x13 /usr/lib/gcc/i486-linux-gnu/4.4.3/../../../../lib/crti.o
                0x000000000003a8e8                _fini
 .fini          0x000000000003a8fb        0x5 /usr/lib/gcc/i486-linux-gnu/4.4.3/crtbeginS.o
 .fini          0x000000000003a900        0x4 /usr/lib/gcc/i486-linux-gnu/4.4.3/../../../../lib/crtn.o
                0x000000000003a904                PROVIDE (__etext, .)
                0x000000000003a904                PROVIDE (_etext, .)
                0x000000000003a904                PROVIDE (etext, .)

.rodata         0x000000000003a910     0x9d9d
 *(.rodata .rodata.* .gnu.linkonce.r.*)
 .rodata.str1.1
                0x000000000003a910      0x144 objects/emc/rs274ngc/interp_arc.o
 .rodata        0x000000000003aa54      0x1f0 objects/emc/rs274ngc/interp_arc.o
 .rodata.cst4   0x000000000003ac44        0x8 objects/emc/rs274ngc/interp_arc.o
 *fill*         0x000000000003ac4c        0x4 00
 .rodata.cst8   0x000000000003ac50       0x18 objects/emc/rs274ngc/interp_arc.o
 *fill*         0x000000000003ac68        0x8 00
 .rodata.cst16  0x000000000003ac70       0x10 objects/emc/rs274ngc/interp_arc.o
 .rodata        0x000000000003ac80     0x1500 objects/emc/rs274ngc/interp_array.o
                0x000000000003ac80                _ZN6Interp5_geesE
                0x000000000003bc20                _ZN6Interp4_emsE
                0x000000000003bf40                _ZN6Interp20_required_parametersE
                0x000000000003c120                _ZN6Interp20_readonly_parametersE
                0x000000000003c17c                _ZN6Interp22_n_readonly_parametersE
 .rodata.str1.1
                0x000000000003c180      0x4e8 objects/emc/rs274ngc/interp_check.o
 .rodata        0x000000000003c668       0x9e objects/emc/rs274ngc/interp_check.o
 .rodata.cst4   0x0000000000000000        0x4 objects/emc/rs274ngc/interp_check.o
 *fill*         0x000000000003c706        0x2 00
 .rodata.cst8   0x000000000003c708       0x10 objects/emc/rs274ngc/interp_check.o
 .rodata.str1.1
                0x000000000003c718     0x1c72 objects/emc/rs274ngc/interp_convert.o
                                       0x1cbc (size before relaxing)
 *fill*         0x000000000003e38a        0x2 00
 .rodata        0x000000000003e38c      0xb2c objects/emc/rs274ngc/interp_convert.o
 .rodata.cst4   0x000000000003eeb8       0x10 objects/emc/rs274ngc/interp_convert.o
                                         0x14 (size before relaxing)
 .rodata.cst8   0x000000000003eec8       0x50 objects/emc/rs274ngc/interp_convert.o
                                         0x58 (size before relaxing)
 *fill*         0x000000000003ef18        0x8 00
 .rodata.cst16  0x000000000003ef20       0x60 objects/emc/rs274ngc/interp_convert.o
                                         0x70 (size before relaxing)
 .rodata        0x000000000003ef80       0x84 objects/emc/rs274ngc/interp_queue.o
 .rodata.str1.1
                0x000000000003f004      0x15a objects/emc/rs274ngc/interp_queue.o
                                        0x1a3 (size before relaxing)
 *fill*         0x000000000003f15e        0x2 00
 .rodata.cst8   0x000000000003f160       0x10 objects/emc/rs274ngc/interp_queue.o
                                         0x18 (size before relaxing)
 .rodata.str1.1
                0x000000000003f170      0x791 objects/emc/rs274ngc/interp_cycles.o
                                        0x7ab (size before relaxing)
 *fill*         0x000000000003f901        0x3 00
 .rodata        0x000000000003f904      0x48f objects/emc/rs274ngc/interp_cycles.o
 *fill*         0x000000000003fd93        0x5 00
 .rodata.cst8   0x000000000003fd98        0x8 objects/emc/rs274ngc/interp_cycles.o
                                         0x18 (size before relaxing)
 .rodata.cst4   0x0000000000000000        0x4 objects/emc/rs274ngc/interp_cycles.o
 .rodata.str1.1
                0x000000000003fda0      0x11a objects/emc/rs274ngc/interp_execute.o
                                        0x127 (size before relaxing)
 *fill*         0x000000000003feba        0x2 00
 .rodata        0x000000000003febc      0x186 objects/emc/rs274ngc/interp_execute.o
 *fill*         0x0000000000040042        0x2 00
 .rodata.cst4   0x0000000000040044        0x4 objects/emc/rs274ngc/interp_execute.o
                                          0xc (size before relaxing)
 .rodata.cst8   0x0000000000000000       0x10 objects/emc/rs274ngc/interp_execute.o
 .rodata.str1.1
                0x0000000000040048      0x104 objects/emc/rs274ngc/interp_find.o
                                        0x18d (size before relaxing)
 .rodata        0x000000000004014c      0x1a5 objects/emc/rs274ngc/interp_find.o
 .rodata.cst16  0x0000000000000000       0x10 objects/emc/rs274ngc/interp_find.o
 *fill*         0x00000000000402f1        0x7 00
 .rodata.cst8   0x00000000000402f8        0x8 objects/emc/rs274ngc/interp_find.o
                                         0x18 (size before relaxing)
 .rodata.cst4   0x0000000000000000       0x10 objects/emc/rs274ngc/interp_find.o
 .rodata.str1.1
                0x0000000000040300      0x206 objects/emc/rs274ngc/interp_internal.o
 *fill*         0x0000000000040506        0x2 00
 .rodata        0x0000000000040508       0xc8 objects/emc/rs274ngc/interp_internal.o
 .rodata.cst4   0x0000000000000000        0x4 objects/emc/rs274ngc/interp_internal.o
 .rodata.cst8   0x0000000000000000        0x8 objects/emc/rs274ngc/interp_inverse.o
 .rodata.str1.1
                0x00000000000405d0      0xd8c objects/emc/rs274ngc/interp_read.o
                                        0xe19 (size before relaxing)
 .rodata        0x000000000004135c      0xa59 objects/emc/rs274ngc/interp_read.o
 .rodata.cst4   0x0000000000000000        0xc objects/emc/rs274ngc/interp_read.o
 *fill*         0x0000000000041db5        0x3 00
 .rodata.cst8   0x0000000000041db8       0x10 objects/emc/rs274ngc/interp_read.o
                                         0x20 (size before relaxing)
 .rodata        0x0000000000041dc8       0x18 objects/emc/rs274ngc/interp_write.o
 .rodata.str1.1
                0x0000000000041de0      0xbd6 objects/emc/rs274ngc/interp_o_word.o
                                        0xbe9 (size before relaxing)
 *fill*         0x00000000000429b6        0x2 00
 .rodata        0x00000000000429b8      0x13e objects/emc/rs274ngc/interp_o_word.o
 .rodata.cst4   0x0000000000000000        0x4 objects/emc/rs274ngc/interp_o_word.o
 *fill*         0x0000000000042af6        0x2 00
 .rodata.cst8   0x0000000000042af8        0x8 objects/emc/rs274ngc/nurbs_additional_functions.o
 .rodata.str1.1
                0x0000000000042b00      0x59a objects/emc/rs274ngc/interp_namedparams.o
                                        0x62b (size before relaxing)
 *fill*         0x000000000004309a        0x2 00
 .rodata        0x000000000004309c      0x132 objects/emc/rs274ngc/interp_namedparams.o
 *fill*         0x00000000000431ce        0x2 00
 .rodata.cst4   0x00000000000431d0        0xc objects/emc/rs274ngc/interp_namedparams.o
                                         0x10 (size before relaxing)
 .rodata.str1.1
                0x00000000000431dc      0x2c3 objects/emc/rs274ngc/interp_python.o
 *fill*         0x000000000004349f        0x1 00
 .rodata        0x00000000000434a0       0x54 objects/emc/rs274ngc/interp_python.o
 .rodata.str1.1
                0x00000000000434f4     0x101e objects/emc/rs274ngc/rs274ngc_pre.o
                                       0x109c (size before relaxing)
 *fill*         0x0000000000044512        0x2 00
 .rodata        0x0000000000044514      0x199 objects/emc/rs274ngc/rs274ngc_pre.o
 .rodata.cst4   0x0000000000000000        0x8 objects/emc/rs274ngc/rs274ngc_pre.o
 .rodata.cst8   0x0000000000000000       0x10 objects/emc/rs274ngc/rs274ngc_pre.o

.rodata1
 *(.rodata1)

.eh_frame_hdr   0x00000000000446b0      0x924
 *(.eh_frame_hdr)
 .eh_frame_hdr  0x00000000000446b0      0x924 objects/emc/rs274ngc/interp_arc.o

.eh_frame       0x0000000000044fd4     0x369c
 *(.eh_frame)
 .eh_frame      0x0000000000044fd4      0x100 objects/emc/rs274ngc/interp_arc.o
 .eh_frame      0x00000000000450d4       0xb4 objects/emc/rs274ngc/interp_array.o
                                         0xd0 (size before relaxing)
 .eh_frame      0x0000000000045188       0x90 objects/emc/rs274ngc/interp_check.o
                                         0xac (size before relaxing)
 .eh_frame      0x0000000000045218      0xea8 objects/emc/rs274ngc/interp_convert.o
                                        0xee4 (size before relaxing)
 .eh_frame      0x00000000000460c0      0x408 objects/emc/rs274ngc/interp_queue.o
                                        0x424 (size before relaxing)
 .eh_frame      0x00000000000464c8      0x530 objects/emc/rs274ngc/interp_cycles.o
                                        0x54c (size before relaxing)
 .eh_frame      0x00000000000469f8      0x138 objects/emc/rs274ngc/interp_execute.o
                                        0x154 (size before relaxing)
 .eh_frame      0x0000000000046b30      0x17c objects/emc/rs274ngc/interp_find.o
                                        0x198 (size before relaxing)
 .eh_frame      0x0000000000046cac      0x128 objects/emc/rs274ngc/interp_internal.o
                                        0x144 (size before relaxing)
 .eh_frame      0x0000000000046dd4       0x50 objects/emc/rs274ngc/interp_inverse.o
                                         0x6c (size before relaxing)
 .eh_frame      0x0000000000046e24      0x8fc objects/emc/rs274ngc/interp_read.o
                                        0x938 (size before relaxing)
 .eh_frame      0x0000000000047720       0x5c objects/emc/rs274ngc/interp_write.o
                                         0x78 (size before relaxing)
 .eh_frame      0x000000000004777c      0x22c objects/emc/rs274ngc/interp_o_word.o
                                        0x248 (size before relaxing)
 .eh_frame      0x00000000000479a8      0x214 objects/emc/rs274ngc/nurbs_additional_functions.o
                                        0x270 (size before relaxing)
 .eh_frame      0x0000000000047bbc      0x264 objects/emc/rs274ngc/interp_namedparams.o
                                        0x280 (size before relaxing)
 .eh_frame      0x0000000000047e20       0xa0 objects/emc/rs274ngc/interp_python.o
                                         0xbc (size before relaxing)
 .eh_frame      0x0000000000047ec0      0x7ac objects/emc/rs274ngc/rs274ngc_pre.o
                                        0x85c (size before relaxing)
 .eh_frame      0x000000000004866c        0x4 /usr/lib/gcc/i486-linux-gnu/4.4.3/crtendS.o

.gcc_except_table
                0x0000000000048670      0x1c7
 *(.gcc_except_table .gcc_except_table.*)
 .gcc_except_table
                0x0000000000048670       0x14 objects/emc/rs274ngc/interp_array.o
 .gcc_except_table
                0x0000000000048684       0x41 objects/emc/rs274ngc/interp_convert.o
 *fill*         0x00000000000486c5        0x3 00
 .gcc_except_table
                0x00000000000486c8       0x7a objects/emc/rs274ngc/interp_read.o
 .gcc_except_table
                0x0000000000048742       0xcc objects/emc/rs274ngc/nurbs_additional_functions.o
 .gcc_except_table
                0x000000000004880e       0x29 objects/emc/rs274ngc/rs274ngc_pre.o
                0x0000000000048837                . = (ALIGN (0x1000) - ((0x1000 - .) & 0xfff))
                0x000000000004962f                . = (0x1000 DATA_SEGMENT_ALIGN 0x1000)

.eh_frame
 *(.eh_frame)

.gcc_except_table
 *(.gcc_except_table .gcc_except_table.*)

.tdata
 *(.tdata .tdata.* .gnu.linkonce.td.*)

.tbss
 *(.tbss .tbss.* .gnu.linkonce.tb.*)
 *(.tcommon)

.preinit_array
 *(.preinit_array)

.init_array
 *(SORT(.init_array.*))
 *(.init_array)

.fini_array
 *(.fini_array)
 *(SORT(.fini_array.*))

.ctors          0x0000000000049630       0x10
 *crtbegin.o(.ctors)
 *crtbegin?.o(.ctors)
 .ctors         0x0000000000049630        0x4 /usr/lib/gcc/i486-linux-gnu/4.4.3/crtbeginS.o
 *(EXCLUDE_FILE(*crtend?.o *crtend.o) .ctors)
 .ctors         0x0000000000049634        0x4 objects/emc/rs274ngc/interp_array.o
 .ctors         0x0000000000049638        0x4 objects/emc/rs274ngc/interp_convert.o
 *(SORT(.ctors.*))
 *(.ctors)
 .ctors         0x000000000004963c        0x4 /usr/lib/gcc/i486-linux-gnu/4.4.3/crtendS.o

.dtors          0x0000000000049640        0x8
 *crtbegin.o(.dtors)
 *crtbegin?.o(.dtors)
 .dtors         0x0000000000049640        0x4 /usr/lib/gcc/i486-linux-gnu/4.4.3/crtbeginS.o
 *(EXCLUDE_FILE(*crtend?.o *crtend.o) .dtors)
 *(SORT(.dtors.*))
 *(.dtors)
 .dtors         0x0000000000049644        0x4 /usr/lib/gcc/i486-linux-gnu/4.4.3/crtendS.o
                0x0000000000049644                __DTOR_END__

.jcr            0x0000000000049648        0x4
 *(.jcr)
 .jcr           0x0000000000049648        0x0 /usr/lib/gcc/i486-linux-gnu/4.4.3/crtbeginS.o
 .jcr           0x0000000000049648        0x4 /usr/lib/gcc/i486-linux-gnu/4.4.3/crtendS.o

.data.rel.ro    0x000000000004964c      0x818
 *(.data.rel.ro.local* .gnu.linkonce.d.rel.ro.local.*)
 .data.rel.ro.local
                0x000000000004964c       0x18 objects/emc/rs274ngc/rs274ngc_pre.o
 *(.data.rel.ro* .gnu.linkonce.d.rel.ro.*)
 .data.rel.ro   0x0000000000049664      0x800 objects/emc/rs274ngc/interp_array.o
                0x0000000000049664                _ZN6Interp15default_readersE

.dynamic        0x0000000000049e64      0x110
 *(.dynamic)
 .dynamic       0x0000000000049e64      0x110 /usr/lib/gcc/i486-linux-gnu/4.4.3/../../../../lib/crti.o
                0x0000000000049e64                _DYNAMIC

.got            0x0000000000049f74       0x80
 *(.got)
 .got           0x0000000000049f74       0x80 /usr/lib/gcc/i486-linux-gnu/4.4.3/../../../../lib/crti.o
 *(.igot)
                0x0000000000049ff4                . = (. DATA_SEGMENT_RELRO_END 0xc)

.got.plt        0x0000000000049ff4      0x76c
 *(.got.plt)
 .got.plt       0x0000000000049ff4      0x76c /usr/lib/gcc/i486-linux-gnu/4.4.3/../../../../lib/crti.o
                0x0000000000049ff4                _GLOBAL_OFFSET_TABLE_
 *(.igot.plt)

.data           0x000000000004a760       0xd0
 *(.data .data.* .gnu.linkonce.d.*)
 .data          0x000000000004a760        0x0 /usr/lib/gcc/i486-linux-gnu/4.4.3/../../../../lib/crti.o
 .data          0x000000000004a760        0x0 /usr/lib/gcc/i486-linux-gnu/4.4.3/crtbeginS.o
 .data.rel      0x000000000004a760        0x4 /usr/lib/gcc/i486-linux-gnu/4.4.3/crtbeginS.o
                0x000000000004a760                __dso_handle
 .data          0x000000000004a764        0x0 objects/emc/rs274ngc/interp_arc.o
 .data.DW.ref.__gxx_personality_v0
                0x000000000004a764        0x4 objects/emc/rs274ngc/interp_arc.o
                0x000000000004a764                DW.ref.__gxx_personality_v0
 .data          0x000000000004a768        0x0 objects/emc/rs274ngc/interp_array.o
 .data          0x000000000004a768        0x0 objects/emc/rs274ngc/interp_check.o
 .data          0x000000000004a768        0x0 objects/emc/rs274ngc/interp_convert.o
 .data          0x000000000004a768        0x0 objects/emc/rs274ngc/interp_queue.o
 .data          0x000000000004a768        0x0 objects/emc/rs274ngc/interp_cycles.o
 .data          0x000000000004a768        0x0 objects/emc/rs274ngc/interp_execute.o
 .data          0x000000000004a768        0x0 objects/emc/rs274ngc/interp_find.o
 .data          0x000000000004a768        0x0 objects/emc/rs274ngc/interp_internal.o
 .data          0x000000000004a768        0x0 objects/emc/rs274ngc/interp_inverse.o
 .data          0x000000000004a768       0x3f objects/emc/rs274ngc/interp_read.o
 *fill*         0x000000000004a7a7        0x1 00
 .data          0x000000000004a7a8        0x0 objects/emc/rs274ngc/interp_write.o
 .data          0x000000000004a7a8       0x38 objects/emc/rs274ngc/interp_o_word.o
 .data          0x000000000004a7e0        0x0 objects/emc/rs274ngc/nurbs_additional_functions.o
 .data          0x000000000004a7e0       0x25 objects/emc/rs274ngc/interp_namedparams.o
 *fill*         0x000000000004a805        0x3 00
 .data          0x000000000004a808        0x0 objects/emc/rs274ngc/interp_python.o
 .data          0x000000000004a808        0xd objects/emc/rs274ngc/rs274ngc_pre.o
 *fill*         0x000000000004a815        0x3 00
 .data.rel.local
                0x000000000004a818       0x18 objects/emc/rs274ngc/rs274ngc_pre.o
                0x000000000004a818                remaps
 .data          0x000000000004a830        0x0 /usr/lib/libc_nonshared.a(stack_chk_fail_local.oS)
 .data          0x000000000004a830        0x0 /usr/lib/gcc/i486-linux-gnu/4.4.3/crtendS.o
 .data          0x000000000004a830        0x0 /usr/lib/gcc/i486-linux-gnu/4.4.3/../../../../lib/crtn.o

.data1
 *(.data1)
                0x000000000004a830                _edata = .
                0x000000000004a830                PROVIDE (edata, .)
                0x000000000004a830                __bss_start = .

.bss            0x000000000004a830    0x263f0
 *(.dynbss)
 .dynbss        0x0000000000000000        0x0 /usr/lib/gcc/i486-linux-gnu/4.4.3/../../../../lib/crti.o
 *(.bss .bss.* .gnu.linkonce.b.*)
 .bss           0x000000000004a830        0x0 /usr/lib/gcc/i486-linux-gnu/4.4.3/../../../../lib/crti.o
 .bss           0x000000000004a830        0x8 /usr/lib/gcc/i486-linux-gnu/4.4.3/crtbeginS.o
 .bss           0x000000000004a838        0x0 objects/emc/rs274ngc/interp_arc.o
 .bss           0x000000000004a838    0x2616c objects/emc/rs274ngc/interp_array.o
                0x000000000004a838                _ZN6Interp6_setupE
 .bss           0x00000000000709a4        0x0 objects/emc/rs274ngc/interp_check.o
 .bss           0x00000000000709a4       0x1c objects/emc/rs274ngc/interp_convert.o
 .bss           0x00000000000709c0       0x2c objects/emc/rs274ngc/interp_queue.o
 .bss           0x00000000000709ec        0x0 objects/emc/rs274ngc/interp_cycles.o
 .bss           0x00000000000709ec        0x0 objects/emc/rs274ngc/interp_execute.o
 .bss           0x00000000000709ec        0x0 objects/emc/rs274ngc/interp_find.o
 .bss           0x00000000000709ec        0x0 objects/emc/rs274ngc/interp_internal.o
 .bss           0x00000000000709ec        0x0 objects/emc/rs274ngc/interp_inverse.o
 .bss           0x00000000000709ec      0x100 objects/emc/rs274ngc/interp_read.o
 .bss           0x0000000000070aec        0x0 objects/emc/rs274ngc/interp_write.o
 .bss           0x0000000000070aec        0x0 objects/emc/rs274ngc/interp_o_word.o
 .bss           0x0000000000070aec        0x0 objects/emc/rs274ngc/nurbs_additional_functions.o
 .bss           0x0000000000070aec        0x0 objects/emc/rs274ngc/interp_namedparams.o
 .bss           0x0000000000070aec        0x0 objects/emc/rs274ngc/interp_python.o
 .bss           0x0000000000070aec      0x132 objects/emc/rs274ngc/rs274ngc_pre.o
 *fill*         0x0000000000070c1e        0x2 00
 .bss           0x0000000000070c20        0x0 /usr/lib/libc_nonshared.a(stack_chk_fail_local.oS)
 .bss           0x0000000000070c20        0x0 /usr/lib/gcc/i486-linux-gnu/4.4.3/crtendS.o
 .bss           0x0000000000070c20        0x0 /usr/lib/gcc/i486-linux-gnu/4.4.3/../../../../lib/crtn.o
 *(COMMON)
                0x0000000000070c20                . = ALIGN ((. != 0x0)?0x4:0x1)
                0x0000000000070c20                . = ALIGN (0x4)
                0x0000000000070c20                . = ALIGN (0x4)
                0x0000000000070c20                _end = .
                0x0000000000070c20                PROVIDE (end, .)
                0x0000000000070c20                . = DATA_SEGMENT_END (.)

.stab
 *(.stab)

.stabstr
 *(.stabstr)

.stab.excl
 *(.stab.excl)

.stab.exclstr
 *(.stab.exclstr)

.stab.index
 *(.stab.index)

.stab.indexstr
 *(.stab.indexstr)

.comment        0x0000000000000000       0x23
 *(.comment)
 .comment       0x0000000000000000       0x23 /usr/lib/gcc/i486-linux-gnu/4.4.3/crtbeginS.o
                                         0x24 (size before relaxing)
 .comment       0x0000000000000000       0x24 objects/emc/rs274ngc/interp_arc.o
 .comment       0x0000000000000000       0x24 objects/emc/rs274ngc/interp_array.o
 .comment       0x0000000000000000       0x24 objects/emc/rs274ngc/interp_check.o
 .comment       0x0000000000000000       0x24 objects/emc/rs274ngc/interp_convert.o
 .comment       0x0000000000000000       0x24 objects/emc/rs274ngc/interp_queue.o
 .comment       0x0000000000000000       0x24 objects/emc/rs274ngc/interp_cycles.o
 .comment       0x0000000000000000       0x24 objects/emc/rs274ngc/interp_execute.o
 .comment       0x0000000000000000       0x24 objects/emc/rs274ngc/interp_find.o
 .comment       0x0000000000000000       0x24 objects/emc/rs274ngc/interp_internal.o
 .comment       0x0000000000000000       0x24 objects/emc/rs274ngc/interp_inverse.o
 .comment       0x0000000000000000       0x24 objects/emc/rs274ngc/interp_read.o
 .comment       0x0000000000000000       0x24 objects/emc/rs274ngc/interp_write.o
 .comment       0x0000000000000000       0x24 objects/emc/rs274ngc/interp_o_word.o
 .comment       0x0000000000000000       0x24 objects/emc/rs274ngc/nurbs_additional_functions.o
 .comment       0x0000000000000000       0x24 objects/emc/rs274ngc/interp_namedparams.o
 .comment       0x0000000000000000       0x24 objects/emc/rs274ngc/interp_python.o
 .comment       0x0000000000000000       0x24 objects/emc/rs274ngc/rs274ngc_pre.o
 .comment       0x0000000000000000       0x24 /usr/lib/libc_nonshared.a(stack_chk_fail_local.oS)
 .comment       0x0000000000000000       0x24 /usr/lib/gcc/i486-linux-gnu/4.4.3/crtendS.o

.debug
 *(.debug)

.line
 *(.line)

.debug_srcinfo
 *(.debug_srcinfo)

.debug_sfnames
 *(.debug_sfnames)

.debug_aranges  0x0000000000000000      0x308
 *(.debug_aranges)
 .debug_aranges
                0x0000000000000000       0x20 objects/emc/rs274ngc/interp_arc.o
 .debug_aranges
                0x0000000000000020       0x38 objects/emc/rs274ngc/interp_array.o
 .debug_aranges
                0x0000000000000058       0x20 objects/emc/rs274ngc/interp_check.o
 .debug_aranges
                0x0000000000000078       0x68 objects/emc/rs274ngc/interp_convert.o
 .debug_aranges
                0x00000000000000e0       0x40 objects/emc/rs274ngc/interp_queue.o
 .debug_aranges
                0x0000000000000120       0x20 objects/emc/rs274ngc/interp_cycles.o
 .debug_aranges
                0x0000000000000140       0x20 objects/emc/rs274ngc/interp_execute.o
 .debug_aranges
                0x0000000000000160       0x20 objects/emc/rs274ngc/interp_find.o
 .debug_aranges
                0x0000000000000180       0x20 objects/emc/rs274ngc/interp_internal.o
 .debug_aranges
                0x00000000000001a0       0x20 objects/emc/rs274ngc/interp_inverse.o
 .debug_aranges
                0x00000000000001c0       0x30 objects/emc/rs274ngc/interp_read.o
 .debug_aranges
                0x00000000000001f0       0x20 objects/emc/rs274ngc/interp_write.o
 .debug_aranges
                0x0000000000000210       0x20 objects/emc/rs274ngc/interp_o_word.o
 .debug_aranges
                0x0000000000000230       0x60 objects/emc/rs274ngc/nurbs_additional_functions.o
 .debug_aranges
                0x0000000000000290       0x20 objects/emc/rs274ngc/interp_namedparams.o
 .debug_aranges
                0x00000000000002b0       0x20 objects/emc/rs274ngc/interp_python.o
 .debug_aranges
                0x00000000000002d0       0x38 objects/emc/rs274ngc/rs274ngc_pre.o

.debug_pubnames
                0x0000000000000000     0x2977
 *(.debug_pubnames)
 .debug_pubnames
                0x0000000000000000       0xa8 objects/emc/rs274ngc/interp_arc.o
 .debug_pubnames
                0x00000000000000a8      0x24d objects/emc/rs274ngc/interp_array.o
 .debug_pubnames
                0x00000000000002f5       0x7c objects/emc/rs274ngc/interp_check.o
 .debug_pubnames
                0x0000000000000371      0xcc4 objects/emc/rs274ngc/interp_convert.o
 .debug_pubnames
                0x0000000000001035      0x38c objects/emc/rs274ngc/interp_queue.o
 .debug_pubnames
                0x00000000000013c1      0x238 objects/emc/rs274ngc/interp_cycles.o
 .debug_pubnames
                0x00000000000015f9       0xeb objects/emc/rs274ngc/interp_execute.o
 .debug_pubnames
                0x00000000000016e4      0x11e objects/emc/rs274ngc/interp_find.o
 .debug_pubnames
                0x0000000000001802       0xe6 objects/emc/rs274ngc/interp_internal.o
 .debug_pubnames
                0x00000000000018e8       0x5b objects/emc/rs274ngc/interp_inverse.o
 .debug_pubnames
                0x0000000000001943      0x52e objects/emc/rs274ngc/interp_read.o
 .debug_pubnames
                0x0000000000001e71       0x61 objects/emc/rs274ngc/interp_write.o
 .debug_pubnames
                0x0000000000001ed2       0xa8 objects/emc/rs274ngc/interp_o_word.o
 .debug_pubnames
                0x0000000000001f7a      0x2b7 objects/emc/rs274ngc/nurbs_additional_functions.o
 .debug_pubnames
                0x0000000000002231      0x13f objects/emc/rs274ngc/interp_namedparams.o
 .debug_pubnames
                0x0000000000002370       0x57 objects/emc/rs274ngc/interp_python.o
 .debug_pubnames
                0x00000000000023c7      0x5b0 objects/emc/rs274ngc/rs274ngc_pre.o

.debug_info     0x0000000000000000    0x9d634
 *(.debug_info .gnu.linkonce.wi.*)
 .debug_info    0x0000000000000000     0x7f08 objects/emc/rs274ngc/interp_arc.o
 .debug_info    0x0000000000007f08     0x8342 objects/emc/rs274ngc/interp_array.o
 .debug_info    0x000000000001024a     0x7ac2 objects/emc/rs274ngc/interp_check.o
 .debug_info    0x0000000000017d0c    0x1107a objects/emc/rs274ngc/interp_convert.o
 .debug_info    0x0000000000028d86     0xa667 objects/emc/rs274ngc/interp_queue.o
 .debug_info    0x00000000000333ed     0x958a objects/emc/rs274ngc/interp_cycles.o
 .debug_info    0x000000000003c977     0x7eee objects/emc/rs274ngc/interp_execute.o
 .debug_info    0x0000000000044865     0x8296 objects/emc/rs274ngc/interp_find.o
 .debug_info    0x000000000004cafb     0x7c15 objects/emc/rs274ngc/interp_internal.o
 .debug_info    0x0000000000054710     0x7a4f objects/emc/rs274ngc/interp_inverse.o
 .debug_info    0x000000000005c15f     0xe606 objects/emc/rs274ngc/interp_read.o
 .debug_info    0x000000000006a765     0x795b objects/emc/rs274ngc/interp_write.o
 .debug_info    0x00000000000720c0     0x80d0 objects/emc/rs274ngc/interp_o_word.o
 .debug_info    0x000000000007a190     0x4172 objects/emc/rs274ngc/nurbs_additional_functions.o
 .debug_info    0x000000000007e302     0xc0de objects/emc/rs274ngc/interp_namedparams.o
 .debug_info    0x000000000008a3e0     0x7bb0 objects/emc/rs274ngc/interp_python.o
 .debug_info    0x0000000000091f90     0xb6a4 objects/emc/rs274ngc/rs274ngc_pre.o

.debug_abbrev   0x0000000000000000     0x65c3
 *(.debug_abbrev)
 .debug_abbrev  0x0000000000000000      0x52f objects/emc/rs274ngc/interp_arc.o
 .debug_abbrev  0x000000000000052f      0x549 objects/emc/rs274ngc/interp_array.o
 .debug_abbrev  0x0000000000000a78      0x4bb objects/emc/rs274ngc/interp_check.o
 .debug_abbrev  0x0000000000000f33      0x81e objects/emc/rs274ngc/interp_convert.o
 .debug_abbrev  0x0000000000001751      0x7c5 objects/emc/rs274ngc/interp_queue.o
 .debug_abbrev  0x0000000000001f16      0x567 objects/emc/rs274ngc/interp_cycles.o
 .debug_abbrev  0x000000000000247d      0x578 objects/emc/rs274ngc/interp_execute.o
 .debug_abbrev  0x00000000000029f5      0x542 objects/emc/rs274ngc/interp_find.o
 .debug_abbrev  0x0000000000002f37      0x4f9 objects/emc/rs274ngc/interp_internal.o
 .debug_abbrev  0x0000000000003430      0x44d objects/emc/rs274ngc/interp_inverse.o
 .debug_abbrev  0x000000000000387d      0x99a objects/emc/rs274ngc/interp_read.o
 .debug_abbrev  0x0000000000004217      0x449 objects/emc/rs274ngc/interp_write.o
 .debug_abbrev  0x0000000000004660      0x574 objects/emc/rs274ngc/interp_o_word.o
 .debug_abbrev  0x0000000000004bd4      0x5b1 objects/emc/rs274ngc/nurbs_additional_functions.o
 .debug_abbrev  0x0000000000005185      0x7f2 objects/emc/rs274ngc/interp_namedparams.o
 .debug_abbrev  0x0000000000005977      0x502 objects/emc/rs274ngc/interp_python.o
 .debug_abbrev  0x0000000000005e79      0x74a objects/emc/rs274ngc/rs274ngc_pre.o

.debug_line     0x0000000000000000     0x9661
 *(.debug_line)
 .debug_line    0x0000000000000000      0x431 objects/emc/rs274ngc/interp_arc.o
 .debug_line    0x0000000000000431      0x38f objects/emc/rs274ngc/interp_array.o
 .debug_line    0x00000000000007c0      0x3c6 objects/emc/rs274ngc/interp_check.o
 .debug_line    0x0000000000000b86     0x2226 objects/emc/rs274ngc/interp_convert.o
 .debug_line    0x0000000000002dac      0x7b9 objects/emc/rs274ngc/interp_queue.o
 .debug_line    0x0000000000003565      0xaf9 objects/emc/rs274ngc/interp_cycles.o
 .debug_line    0x000000000000405e      0x499 objects/emc/rs274ngc/interp_execute.o
 .debug_line    0x00000000000044f7      0x5fd objects/emc/rs274ngc/interp_find.o
 .debug_line    0x0000000000004af4      0x417 objects/emc/rs274ngc/interp_internal.o
 .debug_line    0x0000000000004f0b      0x2f2 objects/emc/rs274ngc/interp_inverse.o
 .debug_line    0x00000000000051fd     0x144c objects/emc/rs274ngc/interp_read.o
 .debug_line    0x0000000000006649      0x31c objects/emc/rs274ngc/interp_write.o
 .debug_line    0x0000000000006965      0x799 objects/emc/rs274ngc/interp_o_word.o
 .debug_line    0x00000000000070fe      0x564 objects/emc/rs274ngc/nurbs_additional_functions.o
 .debug_line    0x0000000000007662      0xbb9 objects/emc/rs274ngc/interp_namedparams.o
 .debug_line    0x000000000000821b      0x39e objects/emc/rs274ngc/interp_python.o
 .debug_line    0x00000000000085b9     0x10a8 objects/emc/rs274ngc/rs274ngc_pre.o

.debug_frame
 *(.debug_frame)

.debug_str      0x0000000000000000    0x1477c
 *(.debug_str)
 .debug_str     0x0000000000000000     0xa33a objects/emc/rs274ngc/interp_arc.o
                                       0xa7da (size before relaxing)
 .debug_str     0x000000000000a33a       0xd1 objects/emc/rs274ngc/interp_array.o
                                       0xa7af (size before relaxing)
 .debug_str     0x000000000000a40b       0x46 objects/emc/rs274ngc/interp_check.o
                                       0xa758 (size before relaxing)
 .debug_str     0x000000000000a451     0x448b objects/emc/rs274ngc/interp_convert.o
                                       0xee67 (size before relaxing)
 .debug_str     0x000000000000e8dc      0x858 objects/emc/rs274ngc/interp_queue.o
                                       0xca4f (size before relaxing)
 .debug_str     0x000000000000f134       0xbd objects/emc/rs274ngc/interp_cycles.o
                                       0xa860 (size before relaxing)
 .debug_str     0x000000000000f1f1       0x71 objects/emc/rs274ngc/interp_execute.o
                                       0xa852 (size before relaxing)
 .debug_str     0x000000000000f262       0x62 objects/emc/rs274ngc/interp_find.o
                                       0xa7c2 (size before relaxing)
 .debug_str     0x000000000000f2c4       0x57 objects/emc/rs274ngc/interp_internal.o
                                       0xa788 (size before relaxing)
 .debug_str     0x000000000000f31b       0x1f objects/emc/rs274ngc/interp_inverse.o
                                       0xa778 (size before relaxing)
 .debug_str     0x000000000000f33a     0x32ef objects/emc/rs274ngc/interp_read.o
                                       0xde37 (size before relaxing)
 .debug_str     0x0000000000012629       0x22 objects/emc/rs274ngc/interp_write.o
                                       0xa731 (size before relaxing)
 .debug_str     0x000000000001264b      0x106 objects/emc/rs274ngc/interp_o_word.o
                                       0xa87a (size before relaxing)
 .debug_str     0x0000000000012751     0x19a7 objects/emc/rs274ngc/nurbs_additional_functions.o
                                       0x3778 (size before relaxing)
 .debug_str     0x00000000000140f8       0xbf objects/emc/rs274ngc/interp_namedparams.o
                                       0xd47b (size before relaxing)
 .debug_str     0x00000000000141b7       0x6e objects/emc/rs274ngc/interp_python.o
                                       0xa7b9 (size before relaxing)
 .debug_str     0x0000000000014225      0x557 objects/emc/rs274ngc/rs274ngc_pre.o
                                       0xb698 (size before relaxing)

.debug_loc      0x0000000000000000    0x182ff
 *(.debug_loc)
 .debug_loc     0x0000000000000000      0x90d objects/emc/rs274ngc/interp_arc.o
 .debug_loc     0x000000000000090d      0x192 objects/emc/rs274ngc/interp_array.o
 .debug_loc     0x0000000000000a9f      0x356 objects/emc/rs274ngc/interp_check.o
 .debug_loc     0x0000000000000df5     0x7571 objects/emc/rs274ngc/interp_convert.o
 .debug_loc     0x0000000000008366      0xda9 objects/emc/rs274ngc/interp_queue.o
 .debug_loc     0x000000000000910f     0x346b objects/emc/rs274ngc/interp_cycles.o
 .debug_loc     0x000000000000c57a      0x84d objects/emc/rs274ngc/interp_execute.o
 .debug_loc     0x000000000000cdc7     0x1571 objects/emc/rs274ngc/interp_find.o
 .debug_loc     0x000000000000e338      0x69f objects/emc/rs274ngc/interp_internal.o
 .debug_loc     0x000000000000e9d7      0x3ba objects/emc/rs274ngc/interp_inverse.o
 .debug_loc     0x000000000000ed91     0x5478 objects/emc/rs274ngc/interp_read.o
 .debug_loc     0x0000000000014209      0x119 objects/emc/rs274ngc/interp_write.o
 .debug_loc     0x0000000000014322      0xa5b objects/emc/rs274ngc/interp_o_word.o
 .debug_loc     0x0000000000014d7d      0x96e objects/emc/rs274ngc/nurbs_additional_functions.o
 .debug_loc     0x00000000000156eb      0xb29 objects/emc/rs274ngc/interp_namedparams.o
 .debug_loc     0x0000000000016214      0x36a objects/emc/rs274ngc/interp_python.o
 .debug_loc     0x000000000001657e     0x1d81 objects/emc/rs274ngc/rs274ngc_pre.o

.debug_macinfo
 *(.debug_macinfo)

.debug_weaknames
 *(.debug_weaknames)

.debug_funcnames
 *(.debug_funcnames)

.debug_typenames
 *(.debug_typenames)

.debug_varnames
 *(.debug_varnames)

.debug_pubtypes
 *(.debug_pubtypes)

.debug_ranges   0x0000000000000000     0x2ff0
 *(.debug_ranges)
 .debug_ranges  0x0000000000000000       0x40 objects/emc/rs274ngc/interp_arc.o
 .debug_ranges  0x0000000000000040      0x258 objects/emc/rs274ngc/interp_array.o
 .debug_ranges  0x0000000000000298       0x68 objects/emc/rs274ngc/interp_check.o
 .debug_ranges  0x0000000000000300      0xde8 objects/emc/rs274ngc/interp_convert.o
 .debug_ranges  0x00000000000010e8      0x4f0 objects/emc/rs274ngc/interp_queue.o
 .debug_ranges  0x00000000000015d8      0x240 objects/emc/rs274ngc/interp_cycles.o
 .debug_ranges  0x0000000000001818       0x48 objects/emc/rs274ngc/interp_execute.o
 .debug_ranges  0x0000000000001860       0x78 objects/emc/rs274ngc/interp_find.o
 .debug_ranges  0x00000000000018d8       0x48 objects/emc/rs274ngc/interp_internal.o
 .debug_ranges  0x0000000000001920       0x40 objects/emc/rs274ngc/interp_inverse.o
 .debug_ranges  0x0000000000001960      0x620 objects/emc/rs274ngc/interp_read.o
 .debug_ranges  0x0000000000001f80       0x18 objects/emc/rs274ngc/interp_write.o
 .debug_ranges  0x0000000000001f98      0x118 objects/emc/rs274ngc/interp_o_word.o
 .debug_ranges  0x00000000000020b0      0x630 objects/emc/rs274ngc/nurbs_additional_functions.o
 .debug_ranges  0x00000000000026e0      0x1e8 objects/emc/rs274ngc/interp_namedparams.o
 .debug_ranges  0x00000000000028c8       0x70 objects/emc/rs274ngc/interp_python.o
 .debug_ranges  0x0000000000002938      0x6b8 objects/emc/rs274ngc/rs274ngc_pre.o

.gnu.attributes
 *(.gnu.attributes)

/DISCARD/
 *(.note.GNU-stack)
 *(.gnu_debuglink)
 *(.gnu.lto_*)
OUTPUT(../lib/librs274.so.0 elf32-i386)
